---
http_interactions:
- request:
    method: get
    uri: https://glossier-pop-staging.myshopify.com/admin/products/.json
    body:
      encoding: US-ASCII
      string: ''
    headers:
      Authorization:
      - Basic MWI3ZjYzYmYyNDg4MzFjN2FlMmJlYWNmOWJjMzBiYmI6YjFjOTE1NTE1ZDA4ZTIwMzc5MzBhODQ0Zjc0MzY2MTA=
      Accept:
      - application/json
      User-Agent:
      - ShopifyAPI/4.3.2 ActiveResource/4.1.0 Ruby/2.3.1
      Accept-Encoding:
      - gzip;q=1.0,deflate;q=0.6,identity;q=0.3
  response:
    status:
      code: 404
      message: Not Found
    headers:
      Server:
      - nginx
      Date:
      - Mon, 26 Sep 2016 19:29:32 GMT
      Content-Type:
      - application/json; charset=utf-8
      Transfer-Encoding:
      - chunked
      Connection:
      - keep-alive
      Vary:
      - Accept-Encoding
      X-Frame-Options:
      - DENY
      X-Shopid:
      - '6779563'
      X-Shardid:
      - '2'
      X-Shopify-Shop-Api-Call-Limit:
      - 4/40
      Http-X-Shopify-Shop-Api-Call-Limit:
      - 4/40
      X-Stats-Userid:
      - '0'
      X-Stats-Apiclientid:
      - '1413328'
      X-Stats-Apipermissionid:
      - '23658502'
      X-Xss-Protection:
      - 1; mode=block; report=/xss-report/16ec3ea4-c334-4070-9337-00ba204afe39?source%5Baction%5D=error_404&source%5Bcontroller%5D=admin%2Ferrors&source%5Bsection%5D=admin
      X-Request-Id:
      - 16ec3ea4-c334-4070-9337-00ba204afe39
      X-Dc:
      - ash
      X-Download-Options:
      - noopen
      X-Permitted-Cross-Domain-Policies:
      - none
      X-Content-Type-Options:
      - nosniff
    body:
      encoding: ASCII-8BIT
      string: '{"errors":"Not Found"}'
    http_version: 
  recorded_at: Mon, 26 Sep 2016 19:29:32 GMT
- request:
    method: post
    uri: https://glossier-pop-staging.myshopify.com/admin/products.json
    body:
      encoding: UTF-8
      string: '{"product":{"title":"Product Name","body_html":"\u003cp\u003eAs seen
        on TV!\u003c/p\u003e","created_at":"2016-09-26T19:29:31.781Z","updated_at":"2016-09-26T19:29:31.846Z","published_at":"2015-09-26T19:29:31.755Z","vendor":"Default
        Vendor","handle":"product-name","variants":[{"weight":"0.0","weight_unit":"oz","price":"19.99","sku":"SKU-24","inventory_management":"shopify","updated_at":"2016-09-26T19:29:31.795Z","option1":"SKU-24"},{"weight":"0.0","weight_unit":"oz","price":"19.99","sku":"susan_sku","inventory_management":"shopify","updated_at":"2016-09-26T19:29:31.839Z","option1":"susan_sku"}]}}'
    headers:
      Authorization:
      - Basic MWI3ZjYzYmYyNDg4MzFjN2FlMmJlYWNmOWJjMzBiYmI6YjFjOTE1NTE1ZDA4ZTIwMzc5MzBhODQ0Zjc0MzY2MTA=
      Content-Type:
      - application/json
      User-Agent:
      - ShopifyAPI/4.3.2 ActiveResource/4.1.0 Ruby/2.3.1
      Accept-Encoding:
      - gzip;q=1.0,deflate;q=0.6,identity;q=0.3
      Accept:
      - "*/*"
  response:
    status:
      code: 201
      message: Created
    headers:
      Server:
      - nginx
      Date:
      - Mon, 26 Sep 2016 19:29:32 GMT
      Content-Type:
      - application/json; charset=utf-8
      Transfer-Encoding:
      - chunked
      Connection:
      - keep-alive
      X-Frame-Options:
      - DENY
      X-Shopid:
      - '6779563'
      X-Shardid:
      - '2'
      X-Shopify-Shop-Api-Call-Limit:
      - 4/40
      Http-X-Shopify-Shop-Api-Call-Limit:
      - 4/40
      X-Stats-Userid:
      - '0'
      X-Stats-Apiclientid:
      - '1413328'
      X-Stats-Apipermissionid:
      - '23658502'
      Location:
      - https://glossier-pop-staging.myshopify.com/admin/products/8628665411
      X-Xss-Protection:
      - 1; mode=block; report=/xss-report/f1273efc-73f9-4a30-b821-08300fa65ac9?source%5Baction%5D=create&source%5Bcontroller%5D=admin%2Fproducts&source%5Bsection%5D=admin
      X-Request-Id:
      - f1273efc-73f9-4a30-b821-08300fa65ac9
      P3p:
      - CP="NOI DSP COR NID ADMa OPTa OUR NOR"
      X-Dc:
      - ash
      X-Download-Options:
      - noopen
      X-Permitted-Cross-Domain-Policies:
      - none
      X-Content-Type-Options:
      - nosniff
      - nosniff
    body:
      encoding: UTF-8
      string: '{"product":{"id":8628665411,"title":"Product Name","body_html":"\u003cp\u003eAs
        seen on TV!\u003c\/p\u003e","vendor":"Default Vendor","product_type":"","created_at":"2016-09-26T15:29:32-04:00","handle":"product-name","updated_at":"2016-09-26T15:29:32-04:00","published_at":"2015-09-26T15:29:31-04:00","template_suffix":null,"published_scope":"global","tags":"","variants":[{"id":28816096899,"product_id":8628665411,"title":"SKU-24","price":"19.99","sku":"SKU-24","position":1,"grams":0,"inventory_policy":"deny","compare_at_price":null,"fulfillment_service":"manual","inventory_management":"shopify","option1":"SKU-24","option2":null,"option3":null,"created_at":"2016-09-26T15:29:32-04:00","updated_at":"2016-09-26T15:29:32-04:00","taxable":true,"barcode":null,"image_id":null,"inventory_quantity":1,"weight":0.0,"weight_unit":"oz","old_inventory_quantity":1,"requires_shipping":true},{"id":28816096963,"product_id":8628665411,"title":"susan_sku","price":"19.99","sku":"susan_sku","position":2,"grams":0,"inventory_policy":"deny","compare_at_price":null,"fulfillment_service":"manual","inventory_management":"shopify","option1":"susan_sku","option2":null,"option3":null,"created_at":"2016-09-26T15:29:32-04:00","updated_at":"2016-09-26T15:29:32-04:00","taxable":true,"barcode":null,"image_id":null,"inventory_quantity":1,"weight":0.0,"weight_unit":"oz","old_inventory_quantity":1,"requires_shipping":true}],"options":[{"id":10358613379,"product_id":8628665411,"name":"Title","position":1,"values":["SKU-24","susan_sku"]}],"images":[],"image":null}}'
    http_version: 
  recorded_at: Mon, 26 Sep 2016 19:29:32 GMT
- request:
    method: get
    uri: https://glossier-pop-staging.myshopify.com/admin/products/8628665411.json
    body:
      encoding: US-ASCII
      string: ''
    headers:
      Authorization:
      - Basic MWI3ZjYzYmYyNDg4MzFjN2FlMmJlYWNmOWJjMzBiYmI6YjFjOTE1NTE1ZDA4ZTIwMzc5MzBhODQ0Zjc0MzY2MTA=
      Accept:
      - application/json
      User-Agent:
      - ShopifyAPI/4.3.2 ActiveResource/4.1.0 Ruby/2.3.1
      Accept-Encoding:
      - gzip;q=1.0,deflate;q=0.6,identity;q=0.3
  response:
    status:
      code: 200
      message: OK
    headers:
      Server:
      - nginx
      Date:
      - Mon, 26 Sep 2016 19:29:32 GMT
      Content-Type:
      - application/json; charset=utf-8
      Transfer-Encoding:
      - chunked
      Connection:
      - keep-alive
      Vary:
      - Accept-Encoding
      X-Frame-Options:
      - DENY
      X-Shopid:
      - '6779563'
      X-Shardid:
      - '2'
      X-Shopify-Shop-Api-Call-Limit:
      - 5/40
      Http-X-Shopify-Shop-Api-Call-Limit:
      - 5/40
      X-Stats-Userid:
      - '0'
      X-Stats-Apiclientid:
      - '1413328'
      X-Stats-Apipermissionid:
      - '23658502'
      X-Xss-Protection:
      - 1; mode=block; report=/xss-report/4739cc9c-1917-499b-9ae2-e0088cc5f2e1?source%5Baction%5D=show&source%5Bcontroller%5D=admin%2Fproducts&source%5Bsection%5D=admin
      X-Request-Id:
      - 4739cc9c-1917-499b-9ae2-e0088cc5f2e1
      P3p:
      - CP="NOI DSP COR NID ADMa OPTa OUR NOR"
      X-Dc:
      - ash
      X-Download-Options:
      - noopen
      X-Permitted-Cross-Domain-Policies:
      - none
      X-Content-Type-Options:
      - nosniff
      - nosniff
    body:
      encoding: ASCII-8BIT
      string: '{"product":{"id":8628665411,"title":"Product Name","body_html":"\u003cp\u003eAs
        seen on TV!\u003c\/p\u003e","vendor":"Default Vendor","product_type":"","created_at":"2016-09-26T15:29:32-04:00","handle":"product-name","updated_at":"2016-09-26T15:29:32-04:00","published_at":"2015-09-26T15:29:31-04:00","template_suffix":null,"published_scope":"global","tags":"","variants":[{"id":28816096899,"product_id":8628665411,"title":"SKU-24","price":"19.99","sku":"SKU-24","position":1,"grams":0,"inventory_policy":"deny","compare_at_price":null,"fulfillment_service":"manual","inventory_management":"shopify","option1":"SKU-24","option2":null,"option3":null,"created_at":"2016-09-26T15:29:32-04:00","updated_at":"2016-09-26T15:29:32-04:00","taxable":true,"barcode":null,"image_id":null,"inventory_quantity":1,"weight":0.0,"weight_unit":"oz","old_inventory_quantity":1,"requires_shipping":true},{"id":28816096963,"product_id":8628665411,"title":"susan_sku","price":"19.99","sku":"susan_sku","position":2,"grams":0,"inventory_policy":"deny","compare_at_price":null,"fulfillment_service":"manual","inventory_management":"shopify","option1":"susan_sku","option2":null,"option3":null,"created_at":"2016-09-26T15:29:32-04:00","updated_at":"2016-09-26T15:29:32-04:00","taxable":true,"barcode":null,"image_id":null,"inventory_quantity":1,"weight":0.0,"weight_unit":"oz","old_inventory_quantity":1,"requires_shipping":true}],"options":[{"id":10358613379,"product_id":8628665411,"name":"Title","position":1,"values":["SKU-24","susan_sku"]}],"images":[],"image":null}}'
    http_version: 
  recorded_at: Mon, 26 Sep 2016 19:29:32 GMT
- request:
    method: put
    uri: https://glossier-pop-staging.myshopify.com/admin/products/8628665411.json
    body:
      encoding: UTF-8
      string: '{"product":{"id":8628665411,"title":"Product Name","body_html":"\u003cp\u003eAs
        seen on TV!\u003c/p\u003e","vendor":"Default Vendor","product_type":"","created_at":"2016-09-26T19:29:31.781Z","handle":"product-name","updated_at":"2016-09-26T19:29:32.548Z","published_at":"2015-09-26T19:29:31.755Z","template_suffix":null,"published_scope":"global","tags":"","variants":[{"id":28816096899,"title":"SKU-24","price":"19.99","sku":"SKU-24","position":1,"grams":0,"inventory_policy":"deny","compare_at_price":null,"fulfillment_service":"manual","inventory_management":"shopify","option1":"SKU-24","option2":null,"option3":null,"created_at":"2016-09-26T15:29:32-04:00","updated_at":"2016-09-26T15:29:32-04:00","taxable":true,"barcode":null,"image_id":null,"inventory_quantity":1,"weight":0.0,"weight_unit":"oz","old_inventory_quantity":1,"requires_shipping":true},{"id":28816096963,"title":"susan_sku","price":"19.99","sku":"susan_sku","position":2,"grams":0,"inventory_policy":"deny","compare_at_price":null,"fulfillment_service":"manual","inventory_management":"shopify","option1":"susan_sku","option2":null,"option3":null,"created_at":"2016-09-26T15:29:32-04:00","updated_at":"2016-09-26T15:29:32-04:00","taxable":true,"barcode":null,"image_id":null,"inventory_quantity":1,"weight":0.0,"weight_unit":"oz","old_inventory_quantity":1,"requires_shipping":true}],"options":[{"id":10358613379,"product_id":8628665411,"name":"Title","position":1,"values":["SKU-24","susan_sku"]}],"images":[{"variant_ids":["28816096899"],"attachment":null},{"variant_ids":["28816096963"],"attachment":null}],"image":null}}'
    headers:
      Authorization:
      - Basic MWI3ZjYzYmYyNDg4MzFjN2FlMmJlYWNmOWJjMzBiYmI6YjFjOTE1NTE1ZDA4ZTIwMzc5MzBhODQ0Zjc0MzY2MTA=
      Content-Type:
      - application/json
      User-Agent:
      - ShopifyAPI/4.3.2 ActiveResource/4.1.0 Ruby/2.3.1
      Accept-Encoding:
      - gzip;q=1.0,deflate;q=0.6,identity;q=0.3
      Accept:
      - "*/*"
  response:
    status:
      code: 200
      message: OK
    headers:
      Server:
      - nginx
      Date:
      - Mon, 26 Sep 2016 19:29:33 GMT
      Content-Type:
      - application/json; charset=utf-8
      Transfer-Encoding:
      - chunked
      Connection:
      - keep-alive
      Vary:
      - Accept-Encoding
      X-Frame-Options:
      - DENY
      X-Shopid:
      - '6779563'
      X-Shardid:
      - '2'
      X-Shopify-Shop-Api-Call-Limit:
      - 5/40
      Http-X-Shopify-Shop-Api-Call-Limit:
      - 5/40
      X-Stats-Userid:
      - '0'
      X-Stats-Apiclientid:
      - '1413328'
      X-Stats-Apipermissionid:
      - '23658502'
      Location:
      - https://glossier-pop-staging.myshopify.com/admin/products/8628665411
      X-Xss-Protection:
      - 1; mode=block; report=/xss-report/3b360194-dd4e-4e80-98ea-a7292295648f?source%5Baction%5D=update&source%5Bcontroller%5D=admin%2Fproducts&source%5Bsection%5D=admin
      X-Request-Id:
      - 3b360194-dd4e-4e80-98ea-a7292295648f
      P3p:
      - CP="NOI DSP COR NID ADMa OPTa OUR NOR"
      X-Dc:
      - ash
      X-Download-Options:
      - noopen
      X-Permitted-Cross-Domain-Policies:
      - none
      X-Content-Type-Options:
      - nosniff
      - nosniff
    body:
      encoding: ASCII-8BIT
      string: '{"product":{"id":8628665411,"title":"Product Name","body_html":"\u003cp\u003eAs
        seen on TV!\u003c\/p\u003e","vendor":"Default Vendor","product_type":"","created_at":"2016-09-26T15:29:32-04:00","handle":"product-name","updated_at":"2016-09-26T15:29:33-04:00","published_at":"2015-09-26T15:29:31-04:00","template_suffix":null,"published_scope":"global","tags":"","variants":[{"id":28816096899,"product_id":8628665411,"title":"SKU-24","price":"19.99","sku":"SKU-24","position":1,"grams":0,"inventory_policy":"deny","compare_at_price":null,"fulfillment_service":"manual","inventory_management":"shopify","option1":"SKU-24","option2":null,"option3":null,"created_at":"2016-09-26T15:29:32-04:00","updated_at":"2016-09-26T15:29:32-04:00","taxable":true,"barcode":null,"image_id":null,"inventory_quantity":1,"weight":0.0,"weight_unit":"oz","old_inventory_quantity":1,"requires_shipping":true},{"id":28816096963,"product_id":8628665411,"title":"susan_sku","price":"19.99","sku":"susan_sku","position":2,"grams":0,"inventory_policy":"deny","compare_at_price":null,"fulfillment_service":"manual","inventory_management":"shopify","option1":"susan_sku","option2":null,"option3":null,"created_at":"2016-09-26T15:29:32-04:00","updated_at":"2016-09-26T15:29:32-04:00","taxable":true,"barcode":null,"image_id":null,"inventory_quantity":1,"weight":0.0,"weight_unit":"oz","old_inventory_quantity":1,"requires_shipping":true}],"options":[{"id":10358613379,"product_id":8628665411,"name":"Title","position":1,"values":["SKU-24","susan_sku"]}],"images":[],"image":null}}'
    http_version: 
  recorded_at: Mon, 26 Sep 2016 19:29:33 GMT
- request:
    method: get
    uri: https://glossier-pop-staging.myshopify.com/admin/products/8628665411/variants/.json
    body:
      encoding: US-ASCII
      string: ''
    headers:
      Authorization:
      - Basic MWI3ZjYzYmYyNDg4MzFjN2FlMmJlYWNmOWJjMzBiYmI6YjFjOTE1NTE1ZDA4ZTIwMzc5MzBhODQ0Zjc0MzY2MTA=
      Accept:
      - application/json
      User-Agent:
      - ShopifyAPI/4.3.2 ActiveResource/4.1.0 Ruby/2.3.1
      Accept-Encoding:
      - gzip;q=1.0,deflate;q=0.6,identity;q=0.3
  response:
    status:
      code: 404
      message: Not Found
    headers:
      Server:
      - nginx
      Date:
      - Mon, 26 Sep 2016 19:29:33 GMT
      Content-Type:
      - application/json; charset=utf-8
      Transfer-Encoding:
      - chunked
      Connection:
      - keep-alive
      Vary:
      - Accept-Encoding
      X-Frame-Options:
      - DENY
      X-Shopid:
      - '6779563'
      X-Shardid:
      - '2'
      X-Shopify-Shop-Api-Call-Limit:
      - 5/40
      Http-X-Shopify-Shop-Api-Call-Limit:
      - 5/40
      X-Stats-Userid:
      - '0'
      X-Stats-Apiclientid:
      - '1413328'
      X-Stats-Apipermissionid:
      - '23658502'
      X-Xss-Protection:
      - 1; mode=block; report=/xss-report/523c8174-b096-43bd-a315-1181449d9f5d?source%5Baction%5D=error_404&source%5Bcontroller%5D=admin%2Ferrors&source%5Bsection%5D=admin
      X-Request-Id:
      - 523c8174-b096-43bd-a315-1181449d9f5d
      X-Dc:
      - ash
      X-Download-Options:
      - noopen
      X-Permitted-Cross-Domain-Policies:
      - none
      X-Content-Type-Options:
      - nosniff
    body:
      encoding: ASCII-8BIT
      string: '{"errors":"Not Found"}'
    http_version: 
  recorded_at: Mon, 26 Sep 2016 19:29:33 GMT
- request:
    method: post
    uri: https://glossier-pop-staging.myshopify.com/admin/products/8628665411/variants.json
    body:
      encoding: UTF-8
      string: '{"variant":{"weight":"0.0","weight_unit":"oz","price":"19.99","sku":"new_sku","inventory_management":"shopify","updated_at":"2016-09-26T19:29:33.270Z","option1":"new_sku"}}'
    headers:
      Authorization:
      - Basic MWI3ZjYzYmYyNDg4MzFjN2FlMmJlYWNmOWJjMzBiYmI6YjFjOTE1NTE1ZDA4ZTIwMzc5MzBhODQ0Zjc0MzY2MTA=
      Content-Type:
      - application/json
      User-Agent:
      - ShopifyAPI/4.3.2 ActiveResource/4.1.0 Ruby/2.3.1
      Accept-Encoding:
      - gzip;q=1.0,deflate;q=0.6,identity;q=0.3
      Accept:
      - "*/*"
  response:
    status:
      code: 201
      message: Created
    headers:
      Server:
      - nginx
      Date:
      - Mon, 26 Sep 2016 19:29:33 GMT
      Content-Type:
      - application/json; charset=utf-8
      Transfer-Encoding:
      - chunked
      Connection:
      - keep-alive
      X-Frame-Options:
      - DENY
      X-Shopid:
      - '6779563'
      X-Shardid:
      - '2'
      X-Shopify-Shop-Api-Call-Limit:
      - 6/40
      Http-X-Shopify-Shop-Api-Call-Limit:
      - 6/40
      X-Stats-Userid:
      - '0'
      X-Stats-Apiclientid:
      - '1413328'
      X-Stats-Apipermissionid:
      - '23658502'
      Location:
      - https://glossier-pop-staging.myshopify.com/admin/products/8628665411/variants
      X-Xss-Protection:
      - 1; mode=block; report=/xss-report/feda92c3-033e-4ecf-ab7b-115d7d929b89?source%5Baction%5D=create&source%5Bcontroller%5D=admin%2Fproduct_variants&source%5Bsection%5D=admin
      X-Request-Id:
      - feda92c3-033e-4ecf-ab7b-115d7d929b89
      P3p:
      - CP="NOI DSP COR NID ADMa OPTa OUR NOR"
      X-Dc:
      - ash
      X-Download-Options:
      - noopen
      X-Permitted-Cross-Domain-Policies:
      - none
      X-Content-Type-Options:
      - nosniff
      - nosniff
    body:
      encoding: UTF-8
      string: '{"variant":{"id":28816097411,"product_id":8628665411,"title":"new_sku","price":"19.99","sku":"new_sku","position":3,"grams":0,"inventory_policy":"deny","compare_at_price":null,"fulfillment_service":"manual","inventory_management":"shopify","option1":"new_sku","option2":null,"option3":null,"created_at":"2016-09-26T15:29:33-04:00","updated_at":"2016-09-26T15:29:33-04:00","taxable":true,"barcode":null,"image_id":null,"inventory_quantity":1,"weight":0.0,"weight_unit":"oz","old_inventory_quantity":1,"requires_shipping":true}}'
    http_version: 
  recorded_at: Mon, 26 Sep 2016 19:29:33 GMT
- request:
    method: get
    uri: https://glossier-pop-staging.myshopify.com/admin/products/8628665411.json
    body:
      encoding: US-ASCII
      string: ''
    headers:
      Authorization:
      - Basic MWI3ZjYzYmYyNDg4MzFjN2FlMmJlYWNmOWJjMzBiYmI6YjFjOTE1NTE1ZDA4ZTIwMzc5MzBhODQ0Zjc0MzY2MTA=
      Accept:
      - application/json
      User-Agent:
      - ShopifyAPI/4.3.2 ActiveResource/4.1.0 Ruby/2.3.1
      Accept-Encoding:
      - gzip;q=1.0,deflate;q=0.6,identity;q=0.3
  response:
    status:
      code: 200
      message: OK
    headers:
      Server:
      - nginx
      Date:
      - Mon, 26 Sep 2016 19:29:34 GMT
      Content-Type:
      - application/json; charset=utf-8
      Transfer-Encoding:
      - chunked
      Connection:
      - keep-alive
      Vary:
      - Accept-Encoding
      X-Frame-Options:
      - DENY
      X-Shopid:
      - '6779563'
      X-Shardid:
      - '2'
      X-Shopify-Shop-Api-Call-Limit:
      - 6/40
      Http-X-Shopify-Shop-Api-Call-Limit:
      - 6/40
      X-Stats-Userid:
      - '0'
      X-Stats-Apiclientid:
      - '1413328'
      X-Stats-Apipermissionid:
      - '23658502'
      X-Xss-Protection:
      - 1; mode=block; report=/xss-report/656727e7-0efd-4947-b320-c347d01e2f4d?source%5Baction%5D=show&source%5Bcontroller%5D=admin%2Fproducts&source%5Bsection%5D=admin
      X-Request-Id:
      - 656727e7-0efd-4947-b320-c347d01e2f4d
      P3p:
      - CP="NOI DSP COR NID ADMa OPTa OUR NOR"
      X-Dc:
      - ash
      X-Download-Options:
      - noopen
      X-Permitted-Cross-Domain-Policies:
      - none
      X-Content-Type-Options:
      - nosniff
      - nosniff
    body:
      encoding: ASCII-8BIT
      string: '{"product":{"id":8628665411,"title":"Product Name","body_html":"\u003cp\u003eAs
        seen on TV!\u003c\/p\u003e","vendor":"Default Vendor","product_type":"","created_at":"2016-09-26T15:29:32-04:00","handle":"product-name","updated_at":"2016-09-26T15:29:33-04:00","published_at":"2015-09-26T15:29:31-04:00","template_suffix":null,"published_scope":"global","tags":"","variants":[{"id":28816096899,"product_id":8628665411,"title":"SKU-24","price":"19.99","sku":"SKU-24","position":1,"grams":0,"inventory_policy":"deny","compare_at_price":null,"fulfillment_service":"manual","inventory_management":"shopify","option1":"SKU-24","option2":null,"option3":null,"created_at":"2016-09-26T15:29:32-04:00","updated_at":"2016-09-26T15:29:32-04:00","taxable":true,"barcode":null,"image_id":null,"inventory_quantity":1,"weight":0.0,"weight_unit":"oz","old_inventory_quantity":1,"requires_shipping":true},{"id":28816096963,"product_id":8628665411,"title":"susan_sku","price":"19.99","sku":"susan_sku","position":2,"grams":0,"inventory_policy":"deny","compare_at_price":null,"fulfillment_service":"manual","inventory_management":"shopify","option1":"susan_sku","option2":null,"option3":null,"created_at":"2016-09-26T15:29:32-04:00","updated_at":"2016-09-26T15:29:32-04:00","taxable":true,"barcode":null,"image_id":null,"inventory_quantity":1,"weight":0.0,"weight_unit":"oz","old_inventory_quantity":1,"requires_shipping":true},{"id":28816097411,"product_id":8628665411,"title":"new_sku","price":"19.99","sku":"new_sku","position":3,"grams":0,"inventory_policy":"deny","compare_at_price":null,"fulfillment_service":"manual","inventory_management":"shopify","option1":"new_sku","option2":null,"option3":null,"created_at":"2016-09-26T15:29:33-04:00","updated_at":"2016-09-26T15:29:33-04:00","taxable":true,"barcode":null,"image_id":null,"inventory_quantity":1,"weight":0.0,"weight_unit":"oz","old_inventory_quantity":1,"requires_shipping":true}],"options":[{"id":10358613379,"product_id":8628665411,"name":"Title","position":1,"values":["SKU-24","susan_sku","new_sku"]}],"images":[],"image":null}}'
    http_version: 
  recorded_at: Mon, 26 Sep 2016 19:29:34 GMT
- request:
    method: delete
    uri: https://glossier-pop-staging.myshopify.com/admin/products/8628665411.json
    body:
      encoding: US-ASCII
      string: ''
    headers:
      Authorization:
      - Basic MWI3ZjYzYmYyNDg4MzFjN2FlMmJlYWNmOWJjMzBiYmI6YjFjOTE1NTE1ZDA4ZTIwMzc5MzBhODQ0Zjc0MzY2MTA=
      Accept:
      - application/json
      User-Agent:
      - ShopifyAPI/4.3.2 ActiveResource/4.1.0 Ruby/2.3.1
      Accept-Encoding:
      - gzip;q=1.0,deflate;q=0.6,identity;q=0.3
  response:
    status:
      code: 200
      message: OK
    headers:
      Server:
      - nginx
      Date:
      - Mon, 26 Sep 2016 19:29:34 GMT
      Content-Type:
      - application/json; charset=utf-8
      Transfer-Encoding:
      - chunked
      Connection:
      - keep-alive
      Vary:
      - Accept-Encoding
      X-Frame-Options:
      - DENY
      X-Shopid:
      - '6779563'
      X-Shardid:
      - '2'
      X-Shopify-Shop-Api-Call-Limit:
      - 6/40
      Http-X-Shopify-Shop-Api-Call-Limit:
      - 6/40
      X-Stats-Userid:
      - '0'
      X-Stats-Apiclientid:
      - '1413328'
      X-Stats-Apipermissionid:
      - '23658502'
      Location:
      - https://glossier-pop-staging.myshopify.com/admin/products
      X-Xss-Protection:
      - 1; mode=block; report=/xss-report/01a97704-da3d-4536-ab06-68e585e83123?source%5Baction%5D=destroy&source%5Bcontroller%5D=admin%2Fproducts&source%5Bsection%5D=admin
      X-Request-Id:
      - 01a97704-da3d-4536-ab06-68e585e83123
      P3p:
      - CP="NOI DSP COR NID ADMa OPTa OUR NOR"
      X-Dc:
      - ash
      X-Download-Options:
      - noopen
      X-Permitted-Cross-Domain-Policies:
      - none
      X-Content-Type-Options:
      - nosniff
      - nosniff
    body:
      encoding: ASCII-8BIT
      string: "{}"
    http_version: 
  recorded_at: Mon, 26 Sep 2016 19:29:34 GMT
recorded_with: VCR 3.0.3
