---
http_interactions:
- request:
    method: get
    uri: https://glossier-pop-staging.myshopify.com/admin/products/.json
    body:
      encoding: US-ASCII
      string: ''
    headers:
      Authorization:
      - Basic MWI3ZjYzYmYyNDg4MzFjN2FlMmJlYWNmOWJjMzBiYmI6YjFjOTE1NTE1ZDA4ZTIwMzc5MzBhODQ0Zjc0MzY2MTA=
      Accept:
      - application/json
      User-Agent:
      - ShopifyAPI/4.3.2 ActiveResource/4.1.0 Ruby/2.3.1
      Accept-Encoding:
      - gzip;q=1.0,deflate;q=0.6,identity;q=0.3
  response:
    status:
      code: 404
      message: Not Found
    headers:
      Server:
      - nginx
      Date:
      - Mon, 26 Sep 2016 19:29:11 GMT
      Content-Type:
      - application/json; charset=utf-8
      Transfer-Encoding:
      - chunked
      Connection:
      - keep-alive
      Vary:
      - Accept-Encoding
      X-Frame-Options:
      - DENY
      X-Shopid:
      - '6779563'
      X-Shardid:
      - '2'
      X-Shopify-Shop-Api-Call-Limit:
      - 1/40
      Http-X-Shopify-Shop-Api-Call-Limit:
      - 1/40
      X-Stats-Userid:
      - '0'
      X-Stats-Apiclientid:
      - '1413328'
      X-Stats-Apipermissionid:
      - '23658502'
      X-Xss-Protection:
      - 1; mode=block; report=/xss-report/f9e5b675-f2fb-447c-b167-e6bb20b731d9?source%5Baction%5D=error_404&source%5Bcontroller%5D=admin%2Ferrors&source%5Bsection%5D=admin
      X-Request-Id:
      - f9e5b675-f2fb-447c-b167-e6bb20b731d9
      X-Dc:
      - ash
      X-Download-Options:
      - noopen
      X-Permitted-Cross-Domain-Policies:
      - none
      X-Content-Type-Options:
      - nosniff
    body:
      encoding: ASCII-8BIT
      string: '{"errors":"Not Found"}'
    http_version: 
  recorded_at: Mon, 26 Sep 2016 19:29:10 GMT
- request:
    method: post
    uri: https://glossier-pop-staging.myshopify.com/admin/products.json
    body:
      encoding: UTF-8
      string: '{"product":{"title":"Product #16 - 7674","body_html":"\u003cp\u003eAs
        seen on TV!\u003c/p\u003e","created_at":"2016-09-26T19:29:10.717Z","updated_at":"2016-09-26T19:29:10.761Z","published_at":"2015-09-26T19:29:10.706Z","vendor":"Default
        Vendor","handle":"product-16-7674","options":[{"name":"foo-size-13"},{"name":"foo-size-14"},{"name":"foo-size-15"}],"variants":[{"weight":"0.0","weight_unit":"oz","price":"19.99","sku":"SKUS-M/SKUS-1/SKUS-2/SKUS-3","updated_at":"2016-09-26T19:29:10.757Z","option1":"S","option2":"S","option3":"S"}]}}'
    headers:
      Authorization:
      - Basic MWI3ZjYzYmYyNDg4MzFjN2FlMmJlYWNmOWJjMzBiYmI6YjFjOTE1NTE1ZDA4ZTIwMzc5MzBhODQ0Zjc0MzY2MTA=
      Content-Type:
      - application/json
      User-Agent:
      - ShopifyAPI/4.3.2 ActiveResource/4.1.0 Ruby/2.3.1
      Accept-Encoding:
      - gzip;q=1.0,deflate;q=0.6,identity;q=0.3
      Accept:
      - "*/*"
  response:
    status:
      code: 201
      message: Created
    headers:
      Server:
      - nginx
      Date:
      - Mon, 26 Sep 2016 19:29:18 GMT
      Content-Type:
      - application/json; charset=utf-8
      Transfer-Encoding:
      - chunked
      Connection:
      - keep-alive
      X-Frame-Options:
      - DENY
      X-Shopid:
      - '6779563'
      X-Shardid:
      - '2'
      X-Shopify-Shop-Api-Call-Limit:
      - 2/40
      Http-X-Shopify-Shop-Api-Call-Limit:
      - 2/40
      X-Stats-Userid:
      - '0'
      X-Stats-Apiclientid:
      - '1413328'
      X-Stats-Apipermissionid:
      - '23658502'
      Location:
      - https://glossier-pop-staging.myshopify.com/admin/products/8628659075
      X-Xss-Protection:
      - 1; mode=block; report=/xss-report/a92841f0-f8bc-42b7-89b8-8fc2a50514fc?source%5Baction%5D=create&source%5Bcontroller%5D=admin%2Fproducts&source%5Bsection%5D=admin
      X-Request-Id:
      - a92841f0-f8bc-42b7-89b8-8fc2a50514fc
      P3p:
      - CP="NOI DSP COR NID ADMa OPTa OUR NOR"
      X-Dc:
      - ash
      X-Download-Options:
      - noopen
      X-Permitted-Cross-Domain-Policies:
      - none
      X-Content-Type-Options:
      - nosniff
      - nosniff
    body:
      encoding: UTF-8
      string: '{"product":{"id":8628659075,"title":"Product #16 - 7674","body_html":"\u003cp\u003eAs
        seen on TV!\u003c\/p\u003e","vendor":"Default Vendor","product_type":"","created_at":"2016-09-26T15:29:11-04:00","handle":"product-16-7674","updated_at":"2016-09-26T15:29:18-04:00","published_at":"2015-09-26T15:29:10-04:00","template_suffix":null,"published_scope":"global","tags":"","variants":[{"id":28816069251,"product_id":8628659075,"title":"S
        \/ S \/ S","price":"19.99","sku":"SKUS-M\/SKUS-1\/SKUS-2\/SKUS-3","position":1,"grams":0,"inventory_policy":"deny","compare_at_price":null,"fulfillment_service":"manual","inventory_management":null,"option1":"S","option2":"S","option3":"S","created_at":"2016-09-26T15:29:11-04:00","updated_at":"2016-09-26T15:29:11-04:00","taxable":true,"barcode":null,"image_id":null,"inventory_quantity":1,"weight":0.0,"weight_unit":"oz","old_inventory_quantity":1,"requires_shipping":true}],"options":[{"id":10358604739,"product_id":8628659075,"name":"foo-size-13","position":1,"values":["S"]},{"id":10358604803,"product_id":8628659075,"name":"foo-size-14","position":2,"values":["S"]},{"id":10358604867,"product_id":8628659075,"name":"foo-size-15","position":3,"values":["S"]}],"images":[],"image":null}}'
    http_version: 
  recorded_at: Mon, 26 Sep 2016 19:29:18 GMT
- request:
    method: get
    uri: https://glossier-pop-staging.myshopify.com/admin/products/8628659075.json
    body:
      encoding: US-ASCII
      string: ''
    headers:
      Authorization:
      - Basic MWI3ZjYzYmYyNDg4MzFjN2FlMmJlYWNmOWJjMzBiYmI6YjFjOTE1NTE1ZDA4ZTIwMzc5MzBhODQ0Zjc0MzY2MTA=
      Accept:
      - application/json
      User-Agent:
      - ShopifyAPI/4.3.2 ActiveResource/4.1.0 Ruby/2.3.1
      Accept-Encoding:
      - gzip;q=1.0,deflate;q=0.6,identity;q=0.3
  response:
    status:
      code: 200
      message: OK
    headers:
      Server:
      - nginx
      Date:
      - Mon, 26 Sep 2016 19:29:19 GMT
      Content-Type:
      - application/json; charset=utf-8
      Transfer-Encoding:
      - chunked
      Connection:
      - keep-alive
      Vary:
      - Accept-Encoding
      X-Frame-Options:
      - DENY
      X-Shopid:
      - '6779563'
      X-Shardid:
      - '2'
      X-Shopify-Shop-Api-Call-Limit:
      - 1/40
      Http-X-Shopify-Shop-Api-Call-Limit:
      - 1/40
      X-Stats-Userid:
      - '0'
      X-Stats-Apiclientid:
      - '1413328'
      X-Stats-Apipermissionid:
      - '23658502'
      X-Xss-Protection:
      - 1; mode=block; report=/xss-report/b192a7fe-61c5-4b96-a582-7c5f34d6e74f?source%5Baction%5D=show&source%5Bcontroller%5D=admin%2Fproducts&source%5Bsection%5D=admin
      X-Request-Id:
      - b192a7fe-61c5-4b96-a582-7c5f34d6e74f
      P3p:
      - CP="NOI DSP COR NID ADMa OPTa OUR NOR"
      X-Dc:
      - ash
      X-Download-Options:
      - noopen
      X-Permitted-Cross-Domain-Policies:
      - none
      X-Content-Type-Options:
      - nosniff
      - nosniff
    body:
      encoding: ASCII-8BIT
      string: '{"product":{"id":8628659075,"title":"Product #16 - 7674","body_html":"\u003cp\u003eAs
        seen on TV!\u003c\/p\u003e","vendor":"Default Vendor","product_type":"","created_at":"2016-09-26T15:29:11-04:00","handle":"product-16-7674","updated_at":"2016-09-26T15:29:18-04:00","published_at":"2015-09-26T15:29:10-04:00","template_suffix":null,"published_scope":"global","tags":"","variants":[{"id":28816069251,"product_id":8628659075,"title":"S
        \/ S \/ S","price":"19.99","sku":"SKUS-M\/SKUS-1\/SKUS-2\/SKUS-3","position":1,"grams":0,"inventory_policy":"deny","compare_at_price":null,"fulfillment_service":"manual","inventory_management":null,"option1":"S","option2":"S","option3":"S","created_at":"2016-09-26T15:29:11-04:00","updated_at":"2016-09-26T15:29:11-04:00","taxable":true,"barcode":null,"image_id":null,"inventory_quantity":1,"weight":0.0,"weight_unit":"oz","old_inventory_quantity":1,"requires_shipping":true}],"options":[{"id":10358604739,"product_id":8628659075,"name":"foo-size-13","position":1,"values":["S"]},{"id":10358604803,"product_id":8628659075,"name":"foo-size-14","position":2,"values":["S"]},{"id":10358604867,"product_id":8628659075,"name":"foo-size-15","position":3,"values":["S"]}],"images":[],"image":null}}'
    http_version: 
  recorded_at: Mon, 26 Sep 2016 19:29:19 GMT
- request:
    method: delete
    uri: https://glossier-pop-staging.myshopify.com/admin/products/8628659075.json
    body:
      encoding: US-ASCII
      string: ''
    headers:
      Authorization:
      - Basic MWI3ZjYzYmYyNDg4MzFjN2FlMmJlYWNmOWJjMzBiYmI6YjFjOTE1NTE1ZDA4ZTIwMzc5MzBhODQ0Zjc0MzY2MTA=
      Accept:
      - application/json
      User-Agent:
      - ShopifyAPI/4.3.2 ActiveResource/4.1.0 Ruby/2.3.1
      Accept-Encoding:
      - gzip;q=1.0,deflate;q=0.6,identity;q=0.3
  response:
    status:
      code: 200
      message: OK
    headers:
      Server:
      - nginx
      Date:
      - Mon, 26 Sep 2016 19:29:19 GMT
      Content-Type:
      - application/json; charset=utf-8
      Transfer-Encoding:
      - chunked
      Connection:
      - keep-alive
      Vary:
      - Accept-Encoding
      X-Frame-Options:
      - DENY
      X-Shopid:
      - '6779563'
      X-Shardid:
      - '2'
      X-Shopify-Shop-Api-Call-Limit:
      - 2/40
      Http-X-Shopify-Shop-Api-Call-Limit:
      - 2/40
      X-Stats-Userid:
      - '0'
      X-Stats-Apiclientid:
      - '1413328'
      X-Stats-Apipermissionid:
      - '23658502'
      Location:
      - https://glossier-pop-staging.myshopify.com/admin/products
      X-Xss-Protection:
      - 1; mode=block; report=/xss-report/f5eacd61-cb44-4a5f-a349-064881f3123c?source%5Baction%5D=destroy&source%5Bcontroller%5D=admin%2Fproducts&source%5Bsection%5D=admin
      X-Request-Id:
      - f5eacd61-cb44-4a5f-a349-064881f3123c
      P3p:
      - CP="NOI DSP COR NID ADMa OPTa OUR NOR"
      X-Dc:
      - ash
      X-Download-Options:
      - noopen
      X-Permitted-Cross-Domain-Policies:
      - none
      X-Content-Type-Options:
      - nosniff
      - nosniff
    body:
      encoding: ASCII-8BIT
      string: "{}"
    http_version: 
  recorded_at: Mon, 26 Sep 2016 19:29:19 GMT
recorded_with: VCR 3.0.3
