---
http_interactions:
- request:
    method: get
    uri: https://glossier-pop-staging.myshopify.com/admin/products/.json
    body:
      encoding: US-ASCII
      string: ''
    headers:
      Authorization:
      - Basic MWI3ZjYzYmYyNDg4MzFjN2FlMmJlYWNmOWJjMzBiYmI6YjFjOTE1NTE1ZDA4ZTIwMzc5MzBhODQ0Zjc0MzY2MTA=
      Accept:
      - application/json
      User-Agent:
      - ShopifyAPI/4.3.2 ActiveResource/4.1.0 Ruby/2.3.1
      Accept-Encoding:
      - gzip;q=1.0,deflate;q=0.6,identity;q=0.3
  response:
    status:
      code: 404
      message: Not Found
    headers:
      Server:
      - nginx
      Date:
      - Wed, 21 Sep 2016 18:26:31 GMT
      Content-Type:
      - application/json; charset=utf-8
      Transfer-Encoding:
      - chunked
      Connection:
      - keep-alive
      Vary:
      - Accept-Encoding
      X-Frame-Options:
      - DENY
      X-Shopid:
      - '6779563'
      X-Shardid:
      - '2'
      X-Shopify-Shop-Api-Call-Limit:
      - 24/40
      Http-X-Shopify-Shop-Api-Call-Limit:
      - 24/40
      X-Stats-Userid:
      - '0'
      X-Stats-Apiclientid:
      - '1413328'
      X-Stats-Apipermissionid:
      - '23658502'
      X-Xss-Protection:
      - 1; mode=block; report=/xss-report/959871cf-5b2f-45c9-8ff4-2f696371c177?source%5Baction%5D=error_404&source%5Bcontroller%5D=admin%2Ferrors&source%5Bsection%5D=admin
      X-Request-Id:
      - 959871cf-5b2f-45c9-8ff4-2f696371c177
      X-Dc:
      - ash
      X-Download-Options:
      - noopen
      X-Permitted-Cross-Domain-Policies:
      - none
      X-Content-Type-Options:
      - nosniff
    body:
      encoding: ASCII-8BIT
      string: '{"errors":"Not Found"}'
    http_version: 
  recorded_at: Wed, 21 Sep 2016 18:26:31 GMT
- request:
    method: get
    uri: https://glossier-pop-staging.myshopify.com/admin/products/.json
    body:
      encoding: US-ASCII
      string: ''
    headers:
      Authorization:
      - Basic MWI3ZjYzYmYyNDg4MzFjN2FlMmJlYWNmOWJjMzBiYmI6YjFjOTE1NTE1ZDA4ZTIwMzc5MzBhODQ0Zjc0MzY2MTA=
      Accept:
      - application/json
      User-Agent:
      - ShopifyAPI/4.3.2 ActiveResource/4.1.0 Ruby/2.3.1
      Accept-Encoding:
      - gzip;q=1.0,deflate;q=0.6,identity;q=0.3
  response:
    status:
      code: 404
      message: Not Found
    headers:
      Server:
      - nginx
      Date:
      - Wed, 21 Sep 2016 18:26:31 GMT
      Content-Type:
      - application/json; charset=utf-8
      Transfer-Encoding:
      - chunked
      Connection:
      - keep-alive
      Vary:
      - Accept-Encoding
      X-Frame-Options:
      - DENY
      X-Shopid:
      - '6779563'
      X-Shardid:
      - '2'
      X-Shopify-Shop-Api-Call-Limit:
      - 25/40
      Http-X-Shopify-Shop-Api-Call-Limit:
      - 25/40
      X-Stats-Userid:
      - '0'
      X-Stats-Apiclientid:
      - '1413328'
      X-Stats-Apipermissionid:
      - '23658502'
      X-Xss-Protection:
      - 1; mode=block; report=/xss-report/b322f022-06ad-4fa6-b003-e9d6ccba8807?source%5Baction%5D=error_404&source%5Bcontroller%5D=admin%2Ferrors&source%5Bsection%5D=admin
      X-Request-Id:
      - b322f022-06ad-4fa6-b003-e9d6ccba8807
      X-Dc:
      - ash
      X-Download-Options:
      - noopen
      X-Permitted-Cross-Domain-Policies:
      - none
      X-Content-Type-Options:
      - nosniff
    body:
      encoding: ASCII-8BIT
      string: '{"errors":"Not Found"}'
    http_version: 
  recorded_at: Wed, 21 Sep 2016 18:26:31 GMT
- request:
    method: post
    uri: https://glossier-pop-staging.myshopify.com/admin/products.json
    body:
      encoding: UTF-8
      string: '{"product":{"title":"Product Name","body_html":"\u003cp\u003eAs seen
        on TV!\u003c/p\u003e","created_at":"2016-09-21T18:26:31.320Z","updated_at":"2016-09-21T18:26:31.353Z","published_at":"2015-09-21T18:26:31.266Z","vendor":"Default
        Vendor","handle":"product-name","variants":[{"weight":"0.0","weight_unit":"oz","price":"19.99","sku":"SKU-26","updated_at":"2016-09-21T18:26:31.344Z","option1":"SKU-26"}]}}'
    headers:
      Authorization:
      - Basic MWI3ZjYzYmYyNDg4MzFjN2FlMmJlYWNmOWJjMzBiYmI6YjFjOTE1NTE1ZDA4ZTIwMzc5MzBhODQ0Zjc0MzY2MTA=
      Content-Type:
      - application/json
      User-Agent:
      - ShopifyAPI/4.3.2 ActiveResource/4.1.0 Ruby/2.3.1
      Accept-Encoding:
      - gzip;q=1.0,deflate;q=0.6,identity;q=0.3
      Accept:
      - "*/*"
  response:
    status:
      code: 201
      message: Created
    headers:
      Server:
      - nginx
      Date:
      - Wed, 21 Sep 2016 18:26:32 GMT
      Content-Type:
      - application/json; charset=utf-8
      Transfer-Encoding:
      - chunked
      Connection:
      - keep-alive
      X-Frame-Options:
      - DENY
      X-Shopid:
      - '6779563'
      X-Shardid:
      - '2'
      X-Shopify-Shop-Api-Call-Limit:
      - 25/40
      Http-X-Shopify-Shop-Api-Call-Limit:
      - 25/40
      X-Stats-Userid:
      - '0'
      X-Stats-Apiclientid:
      - '1413328'
      X-Stats-Apipermissionid:
      - '23658502'
      Location:
      - https://glossier-pop-staging.myshopify.com/admin/products/8552064963
      X-Xss-Protection:
      - 1; mode=block; report=/xss-report/a51db3f8-87fd-4649-9f1f-9cd8ff576a2f?source%5Baction%5D=create&source%5Bcontroller%5D=admin%2Fproducts&source%5Bsection%5D=admin
      X-Request-Id:
      - a51db3f8-87fd-4649-9f1f-9cd8ff576a2f
      P3p:
      - CP="NOI DSP COR NID ADMa OPTa OUR NOR"
      X-Dc:
      - ash
      X-Download-Options:
      - noopen
      X-Permitted-Cross-Domain-Policies:
      - none
      X-Content-Type-Options:
      - nosniff
      - nosniff
    body:
      encoding: UTF-8
      string: '{"product":{"id":8552064963,"title":"Product Name","body_html":"\u003cp\u003eAs
        seen on TV!\u003c\/p\u003e","vendor":"Default Vendor","product_type":"","created_at":"2016-09-21T14:26:31-04:00","handle":"product-name-10","updated_at":"2016-09-21T14:26:32-04:00","published_at":"2015-09-21T14:26:31-04:00","template_suffix":null,"published_scope":"global","tags":"","variants":[{"id":28518332547,"product_id":8552064963,"title":"SKU-26","price":"19.99","sku":"SKU-26","position":1,"grams":0,"inventory_policy":"deny","compare_at_price":null,"fulfillment_service":"manual","inventory_management":null,"option1":"SKU-26","option2":null,"option3":null,"created_at":"2016-09-21T14:26:32-04:00","updated_at":"2016-09-21T14:26:32-04:00","taxable":true,"barcode":null,"image_id":null,"inventory_quantity":1,"weight":0.0,"weight_unit":"oz","old_inventory_quantity":1,"requires_shipping":true}],"options":[{"id":10268577539,"product_id":8552064963,"name":"Title","position":1,"values":["SKU-26"]}],"images":[],"image":null}}'
    http_version: 
  recorded_at: Wed, 21 Sep 2016 18:26:32 GMT
- request:
    method: delete
    uri: https://glossier-pop-staging.myshopify.com/admin/products/8552064963.json
    body:
      encoding: US-ASCII
      string: ''
    headers:
      Authorization:
      - Basic MWI3ZjYzYmYyNDg4MzFjN2FlMmJlYWNmOWJjMzBiYmI6YjFjOTE1NTE1ZDA4ZTIwMzc5MzBhODQ0Zjc0MzY2MTA=
      Accept:
      - application/json
      User-Agent:
      - ShopifyAPI/4.3.2 ActiveResource/4.1.0 Ruby/2.3.1
      Accept-Encoding:
      - gzip;q=1.0,deflate;q=0.6,identity;q=0.3
  response:
    status:
      code: 200
      message: OK
    headers:
      Server:
      - nginx
      Date:
      - Wed, 21 Sep 2016 18:26:32 GMT
      Content-Type:
      - application/json; charset=utf-8
      Transfer-Encoding:
      - chunked
      Connection:
      - keep-alive
      Vary:
      - Accept-Encoding
      X-Frame-Options:
      - DENY
      X-Shopid:
      - '6779563'
      X-Shardid:
      - '2'
      X-Shopify-Shop-Api-Call-Limit:
      - 25/40
      Http-X-Shopify-Shop-Api-Call-Limit:
      - 25/40
      X-Stats-Userid:
      - '0'
      X-Stats-Apiclientid:
      - '1413328'
      X-Stats-Apipermissionid:
      - '23658502'
      Location:
      - https://glossier-pop-staging.myshopify.com/admin/products
      X-Xss-Protection:
      - 1; mode=block; report=/xss-report/fb1a5757-5fec-45f2-ad18-065936cbf3f5?source%5Baction%5D=destroy&source%5Bcontroller%5D=admin%2Fproducts&source%5Bsection%5D=admin
      X-Request-Id:
      - fb1a5757-5fec-45f2-ad18-065936cbf3f5
      P3p:
      - CP="NOI DSP COR NID ADMa OPTa OUR NOR"
      X-Dc:
      - ash
      X-Download-Options:
      - noopen
      X-Permitted-Cross-Domain-Policies:
      - none
      X-Content-Type-Options:
      - nosniff
      - nosniff
    body:
      encoding: ASCII-8BIT
      string: "{}"
    http_version: 
  recorded_at: Wed, 21 Sep 2016 18:26:32 GMT
- request:
    method: get
    uri: https://glossier-pop-staging.myshopify.com/admin/products/8552064963.json
    body:
      encoding: US-ASCII
      string: ''
    headers:
      Authorization:
      - Basic MWI3ZjYzYmYyNDg4MzFjN2FlMmJlYWNmOWJjMzBiYmI6YjFjOTE1NTE1ZDA4ZTIwMzc5MzBhODQ0Zjc0MzY2MTA=
      Accept:
      - application/json
      User-Agent:
      - ShopifyAPI/4.3.2 ActiveResource/4.1.0 Ruby/2.3.1
      Accept-Encoding:
      - gzip;q=1.0,deflate;q=0.6,identity;q=0.3
  response:
    status:
      code: 404
      message: Not Found
    headers:
      Server:
      - nginx
      Date:
      - Wed, 21 Sep 2016 18:26:32 GMT
      Content-Type:
      - application/json; charset=utf-8
      Transfer-Encoding:
      - chunked
      Connection:
      - keep-alive
      Vary:
      - Accept-Encoding
      X-Frame-Options:
      - DENY
      X-Shopid:
      - '6779563'
      X-Shardid:
      - '2'
      X-Shopify-Shop-Api-Call-Limit:
      - 26/40
      Http-X-Shopify-Shop-Api-Call-Limit:
      - 26/40
      X-Stats-Userid:
      - '0'
      X-Stats-Apiclientid:
      - '1413328'
      X-Stats-Apipermissionid:
      - '23658502'
      X-Xss-Protection:
      - 1; mode=block; report=/xss-report/e15c3007-477d-4f18-956c-21f534fe0019?source%5Baction%5D=show&source%5Bcontroller%5D=admin%2Fproducts&source%5Bsection%5D=admin
      X-Request-Id:
      - e15c3007-477d-4f18-956c-21f534fe0019
      X-Dc:
      - ash
      X-Download-Options:
      - noopen
      X-Permitted-Cross-Domain-Policies:
      - none
      X-Content-Type-Options:
      - nosniff
    body:
      encoding: ASCII-8BIT
      string: '{"errors":"Not Found"}'
    http_version: 
  recorded_at: Wed, 21 Sep 2016 18:26:32 GMT
- request:
    method: get
    uri: https://glossier-pop-staging.myshopify.com/admin/products/8552064963.json
    body:
      encoding: US-ASCII
      string: ''
    headers:
      Authorization:
      - Basic MWI3ZjYzYmYyNDg4MzFjN2FlMmJlYWNmOWJjMzBiYmI6YjFjOTE1NTE1ZDA4ZTIwMzc5MzBhODQ0Zjc0MzY2MTA=
      Accept:
      - application/json
      User-Agent:
      - ShopifyAPI/4.3.2 ActiveResource/4.1.0 Ruby/2.3.1
      Accept-Encoding:
      - gzip;q=1.0,deflate;q=0.6,identity;q=0.3
  response:
    status:
      code: 404
      message: Not Found
    headers:
      Server:
      - nginx
      Date:
      - Wed, 21 Sep 2016 18:26:32 GMT
      Content-Type:
      - application/json; charset=utf-8
      Transfer-Encoding:
      - chunked
      Connection:
      - keep-alive
      Vary:
      - Accept-Encoding
      X-Frame-Options:
      - DENY
      X-Shopid:
      - '6779563'
      X-Shardid:
      - '2'
      X-Shopify-Shop-Api-Call-Limit:
      - 27/40
      Http-X-Shopify-Shop-Api-Call-Limit:
      - 27/40
      X-Stats-Userid:
      - '0'
      X-Stats-Apiclientid:
      - '1413328'
      X-Stats-Apipermissionid:
      - '23658502'
      X-Xss-Protection:
      - 1; mode=block; report=/xss-report/489dc453-7f0b-4c4c-a5dc-494b176008a8?source%5Baction%5D=show&source%5Bcontroller%5D=admin%2Fproducts&source%5Bsection%5D=admin
      X-Request-Id:
      - 489dc453-7f0b-4c4c-a5dc-494b176008a8
      X-Dc:
      - ash
      X-Download-Options:
      - noopen
      X-Permitted-Cross-Domain-Policies:
      - none
      X-Content-Type-Options:
      - nosniff
    body:
      encoding: ASCII-8BIT
      string: '{"errors":"Not Found"}'
    http_version: 
  recorded_at: Wed, 21 Sep 2016 18:26:32 GMT
- request:
    method: post
    uri: https://glossier-pop-staging.myshopify.com/admin/products.json
    body:
      encoding: UTF-8
      string: '{"product":{"title":"Product Name","body_html":"\u003cp\u003eAs seen
        on TV!\u003c/p\u003e","created_at":"2016-09-21T18:26:31.320Z","updated_at":"2016-09-21T18:26:32.278Z","published_at":"2015-09-21T18:26:31.266Z","vendor":"Default
        Vendor","handle":"product-name","variants":[{"weight":"0.0","weight_unit":"oz","price":"19.99","sku":"SKU-26","updated_at":"2016-09-21T18:26:32.276Z","option1":"SKU-26"}]}}'
    headers:
      Authorization:
      - Basic MWI3ZjYzYmYyNDg4MzFjN2FlMmJlYWNmOWJjMzBiYmI6YjFjOTE1NTE1ZDA4ZTIwMzc5MzBhODQ0Zjc0MzY2MTA=
      Content-Type:
      - application/json
      User-Agent:
      - ShopifyAPI/4.3.2 ActiveResource/4.1.0 Ruby/2.3.1
      Accept-Encoding:
      - gzip;q=1.0,deflate;q=0.6,identity;q=0.3
      Accept:
      - "*/*"
  response:
    status:
      code: 201
      message: Created
    headers:
      Server:
      - nginx
      Date:
      - Wed, 21 Sep 2016 18:26:33 GMT
      Content-Type:
      - application/json; charset=utf-8
      Transfer-Encoding:
      - chunked
      Connection:
      - keep-alive
      X-Frame-Options:
      - DENY
      X-Shopid:
      - '6779563'
      X-Shardid:
      - '2'
      X-Shopify-Shop-Api-Call-Limit:
      - 27/40
      Http-X-Shopify-Shop-Api-Call-Limit:
      - 27/40
      X-Stats-Userid:
      - '0'
      X-Stats-Apiclientid:
      - '1413328'
      X-Stats-Apipermissionid:
      - '23658502'
      Location:
      - https://glossier-pop-staging.myshopify.com/admin/products/8552065283
      X-Xss-Protection:
      - 1; mode=block; report=/xss-report/f378612e-523d-445b-bc28-29ba3a472704?source%5Baction%5D=create&source%5Bcontroller%5D=admin%2Fproducts&source%5Bsection%5D=admin
      X-Request-Id:
      - f378612e-523d-445b-bc28-29ba3a472704
      P3p:
      - CP="NOI DSP COR NID ADMa OPTa OUR NOR"
      X-Dc:
      - ash
      X-Download-Options:
      - noopen
      X-Permitted-Cross-Domain-Policies:
      - none
      X-Content-Type-Options:
      - nosniff
      - nosniff
    body:
      encoding: UTF-8
      string: '{"product":{"id":8552065283,"title":"Product Name","body_html":"\u003cp\u003eAs
        seen on TV!\u003c\/p\u003e","vendor":"Default Vendor","product_type":"","created_at":"2016-09-21T14:26:33-04:00","handle":"product-name-10","updated_at":"2016-09-21T14:26:33-04:00","published_at":"2015-09-21T14:26:31-04:00","template_suffix":null,"published_scope":"global","tags":"","variants":[{"id":28518333059,"product_id":8552065283,"title":"SKU-26","price":"19.99","sku":"SKU-26","position":1,"grams":0,"inventory_policy":"deny","compare_at_price":null,"fulfillment_service":"manual","inventory_management":null,"option1":"SKU-26","option2":null,"option3":null,"created_at":"2016-09-21T14:26:33-04:00","updated_at":"2016-09-21T14:26:33-04:00","taxable":true,"barcode":null,"image_id":null,"inventory_quantity":1,"weight":0.0,"weight_unit":"oz","old_inventory_quantity":1,"requires_shipping":true}],"options":[{"id":10268577923,"product_id":8552065283,"name":"Title","position":1,"values":["SKU-26"]}],"images":[],"image":null}}'
    http_version: 
  recorded_at: Wed, 21 Sep 2016 18:26:33 GMT
- request:
    method: get
    uri: https://glossier-pop-staging.myshopify.com/admin/products/8552065283.json
    body:
      encoding: US-ASCII
      string: ''
    headers:
      Authorization:
      - Basic MWI3ZjYzYmYyNDg4MzFjN2FlMmJlYWNmOWJjMzBiYmI6YjFjOTE1NTE1ZDA4ZTIwMzc5MzBhODQ0Zjc0MzY2MTA=
      Accept:
      - application/json
      User-Agent:
      - ShopifyAPI/4.3.2 ActiveResource/4.1.0 Ruby/2.3.1
      Accept-Encoding:
      - gzip;q=1.0,deflate;q=0.6,identity;q=0.3
  response:
    status:
      code: 200
      message: OK
    headers:
      Server:
      - nginx
      Date:
      - Wed, 21 Sep 2016 18:26:33 GMT
      Content-Type:
      - application/json; charset=utf-8
      Transfer-Encoding:
      - chunked
      Connection:
      - keep-alive
      Vary:
      - Accept-Encoding
      X-Frame-Options:
      - DENY
      X-Shopid:
      - '6779563'
      X-Shardid:
      - '2'
      X-Shopify-Shop-Api-Call-Limit:
      - 27/40
      Http-X-Shopify-Shop-Api-Call-Limit:
      - 27/40
      X-Stats-Userid:
      - '0'
      X-Stats-Apiclientid:
      - '1413328'
      X-Stats-Apipermissionid:
      - '23658502'
      X-Xss-Protection:
      - 1; mode=block; report=/xss-report/4ecb6759-721e-4939-b222-1a9df25ae774?source%5Baction%5D=show&source%5Bcontroller%5D=admin%2Fproducts&source%5Bsection%5D=admin
      X-Request-Id:
      - 4ecb6759-721e-4939-b222-1a9df25ae774
      P3p:
      - CP="NOI DSP COR NID ADMa OPTa OUR NOR"
      X-Dc:
      - ash
      X-Download-Options:
      - noopen
      X-Permitted-Cross-Domain-Policies:
      - none
      X-Content-Type-Options:
      - nosniff
      - nosniff
    body:
      encoding: ASCII-8BIT
      string: '{"product":{"id":8552065283,"title":"Product Name","body_html":"\u003cp\u003eAs
        seen on TV!\u003c\/p\u003e","vendor":"Default Vendor","product_type":"","created_at":"2016-09-21T14:26:33-04:00","handle":"product-name-10","updated_at":"2016-09-21T14:26:33-04:00","published_at":"2015-09-21T14:26:31-04:00","template_suffix":null,"published_scope":"global","tags":"","variants":[{"id":28518333059,"product_id":8552065283,"title":"SKU-26","price":"19.99","sku":"SKU-26","position":1,"grams":0,"inventory_policy":"deny","compare_at_price":null,"fulfillment_service":"manual","inventory_management":null,"option1":"SKU-26","option2":null,"option3":null,"created_at":"2016-09-21T14:26:33-04:00","updated_at":"2016-09-21T14:26:33-04:00","taxable":true,"barcode":null,"image_id":null,"inventory_quantity":1,"weight":0.0,"weight_unit":"oz","old_inventory_quantity":1,"requires_shipping":true}],"options":[{"id":10268577923,"product_id":8552065283,"name":"Title","position":1,"values":["SKU-26"]}],"images":[],"image":null}}'
    http_version: 
  recorded_at: Wed, 21 Sep 2016 18:26:33 GMT
- request:
    method: delete
    uri: https://glossier-pop-staging.myshopify.com/admin/products/8552065283.json
    body:
      encoding: US-ASCII
      string: ''
    headers:
      Authorization:
      - Basic MWI3ZjYzYmYyNDg4MzFjN2FlMmJlYWNmOWJjMzBiYmI6YjFjOTE1NTE1ZDA4ZTIwMzc5MzBhODQ0Zjc0MzY2MTA=
      Accept:
      - application/json
      User-Agent:
      - ShopifyAPI/4.3.2 ActiveResource/4.1.0 Ruby/2.3.1
      Accept-Encoding:
      - gzip;q=1.0,deflate;q=0.6,identity;q=0.3
  response:
    status:
      code: 200
      message: OK
    headers:
      Server:
      - nginx
      Date:
      - Wed, 21 Sep 2016 18:26:33 GMT
      Content-Type:
      - application/json; charset=utf-8
      Transfer-Encoding:
      - chunked
      Connection:
      - keep-alive
      Vary:
      - Accept-Encoding
      X-Frame-Options:
      - DENY
      X-Shopid:
      - '6779563'
      X-Shardid:
      - '2'
      X-Shopify-Shop-Api-Call-Limit:
      - 28/40
      Http-X-Shopify-Shop-Api-Call-Limit:
      - 28/40
      X-Stats-Userid:
      - '0'
      X-Stats-Apiclientid:
      - '1413328'
      X-Stats-Apipermissionid:
      - '23658502'
      Location:
      - https://glossier-pop-staging.myshopify.com/admin/products
      X-Xss-Protection:
      - 1; mode=block; report=/xss-report/2690a7ab-8f19-41b2-902b-9beb1b5b0e48?source%5Baction%5D=destroy&source%5Bcontroller%5D=admin%2Fproducts&source%5Bsection%5D=admin
      X-Request-Id:
      - 2690a7ab-8f19-41b2-902b-9beb1b5b0e48
      P3p:
      - CP="NOI DSP COR NID ADMa OPTa OUR NOR"
      X-Dc:
      - ash
      X-Download-Options:
      - noopen
      X-Permitted-Cross-Domain-Policies:
      - none
      X-Content-Type-Options:
      - nosniff
      - nosniff
    body:
      encoding: ASCII-8BIT
      string: "{}"
    http_version: 
  recorded_at: Wed, 21 Sep 2016 18:26:33 GMT
recorded_with: VCR 3.0.3
