---
http_interactions:
- request:
    method: post
    uri: https://1b7f63bf248831c7ae2beacf9bc30bbb:b1c915515d08e2037930a844f7436610@glossier-pop-staging.myshopify.com/admin/products.json
    body:
      encoding: UTF-8
      string: '{"product":{"title":"Product Name","body_html":"\u003cp\u003eAs seen
        on TV!\u003c/p\u003e","created_at":"2016-09-09T00:59:03.074Z","updated_at":"2016-09-09T00:59:03.160Z","published_at":"2015-09-09T00:59:03.044Z","vendor":"Default
        Vendor","handle":"product-name","variants":[{"weight":"0.0","weight_unit":"oz","price":"19.99","sku":"SKU-4","updated_at":"2016-09-09T00:59:03.093Z","option1":"SKU-4"},{"weight":"0.0","weight_unit":"oz","price":"19.99","sku":"susan","updated_at":"2016-09-09T00:59:03.152Z","option1":"susan"}]}}'
    headers:
      Content-Type:
      - application/json
      User-Agent:
      - ShopifyAPI/4.3.0 ActiveResource/4.1.0 Ruby/2.3.1
      Accept-Encoding:
      - gzip;q=1.0,deflate;q=0.6,identity;q=0.3
      Accept:
      - "*/*"
  response:
    status:
      code: 201
      message: Created
    headers:
      Server:
      - nginx
      Date:
      - Fri, 09 Sep 2016 00:59:06 GMT
      Content-Type:
      - application/json; charset=utf-8
      Transfer-Encoding:
      - chunked
      Connection:
      - keep-alive
      X-Frame-Options:
      - DENY
      X-Shopid:
      - '6779563'
      X-Shardid:
      - '2'
      X-Shopify-Shop-Api-Call-Limit:
      - 1/40
      Http-X-Shopify-Shop-Api-Call-Limit:
      - 1/40
      X-Stats-Userid:
      - '0'
      X-Stats-Apiclientid:
      - '1413328'
      X-Stats-Apipermissionid:
      - '23658502'
      Location:
      - https://glossier-pop-staging.myshopify.com/admin/products/8370193987
      X-Xss-Protection:
      - 1; mode=block; report=/xss-report/5d6b1420-350e-446e-9508-fd45f8677575?source%5Baction%5D=create&source%5Bcontroller%5D=admin%2Fproducts&source%5Bsection%5D=admin
      X-Request-Id:
      - 5d6b1420-350e-446e-9508-fd45f8677575
      P3p:
      - CP="NOI DSP COR NID ADMa OPTa OUR NOR"
      X-Dc:
      - ash
      X-Download-Options:
      - noopen
      X-Permitted-Cross-Domain-Policies:
      - none
      X-Content-Type-Options:
      - nosniff
      - nosniff
    body:
      encoding: UTF-8
      string: '{"product":{"id":8370193987,"title":"Product Name","body_html":"\u003cp\u003eAs
        seen on TV!\u003c\/p\u003e","vendor":"Default Vendor","product_type":"","created_at":"2016-09-08T20:59:03-04:00","handle":"product-name","updated_at":"2016-09-08T20:59:06-04:00","published_at":"2015-09-08T20:59:03-04:00","template_suffix":null,"published_scope":"global","tags":"","variants":[{"id":27719356995,"product_id":8370193987,"title":"SKU-4","price":"19.99","sku":"SKU-4","position":1,"grams":0,"inventory_policy":"deny","compare_at_price":null,"fulfillment_service":"manual","inventory_management":null,"option1":"SKU-4","option2":null,"option3":null,"created_at":"2016-09-08T20:59:03-04:00","updated_at":"2016-09-08T20:59:03-04:00","taxable":true,"barcode":null,"image_id":null,"inventory_quantity":1,"weight":0.0,"weight_unit":"oz","old_inventory_quantity":1,"requires_shipping":true},{"id":27719357187,"product_id":8370193987,"title":"susan","price":"19.99","sku":"susan","position":2,"grams":0,"inventory_policy":"deny","compare_at_price":null,"fulfillment_service":"manual","inventory_management":null,"option1":"susan","option2":null,"option3":null,"created_at":"2016-09-08T20:59:03-04:00","updated_at":"2016-09-08T20:59:03-04:00","taxable":true,"barcode":null,"image_id":null,"inventory_quantity":1,"weight":0.0,"weight_unit":"oz","old_inventory_quantity":1,"requires_shipping":true}],"options":[{"id":10053147651,"product_id":8370193987,"name":"Title","position":1,"values":["SKU-4","susan"]}],"images":[],"image":null}}'
    http_version: 
  recorded_at: Fri, 09 Sep 2016 00:59:07 GMT
- request:
    method: get
    uri: https://1b7f63bf248831c7ae2beacf9bc30bbb:b1c915515d08e2037930a844f7436610@glossier-pop-staging.myshopify.com/admin/variants/27719357187.json
    body:
      encoding: US-ASCII
      string: ''
    headers:
      Accept:
      - application/json
      User-Agent:
      - ShopifyAPI/4.3.0 ActiveResource/4.1.0 Ruby/2.3.1
      Accept-Encoding:
      - gzip;q=1.0,deflate;q=0.6,identity;q=0.3
  response:
    status:
      code: 200
      message: OK
    headers:
      Server:
      - nginx
      Date:
      - Fri, 09 Sep 2016 00:59:07 GMT
      Content-Type:
      - application/json; charset=utf-8
      Transfer-Encoding:
      - chunked
      Connection:
      - keep-alive
      Vary:
      - Accept-Encoding
      X-Frame-Options:
      - DENY
      X-Shopid:
      - '6779563'
      X-Shardid:
      - '2'
      X-Shopify-Shop-Api-Call-Limit:
      - 1/40
      Http-X-Shopify-Shop-Api-Call-Limit:
      - 1/40
      X-Stats-Userid:
      - '0'
      X-Stats-Apiclientid:
      - '1413328'
      X-Stats-Apipermissionid:
      - '23658502'
      X-Xss-Protection:
      - 1; mode=block; report=/xss-report/c973a3c7-7621-4a2a-85d1-a82754f565ac?source%5Baction%5D=show&source%5Bcontroller%5D=admin%2Fproduct_variants&source%5Bsection%5D=admin
      X-Request-Id:
      - c973a3c7-7621-4a2a-85d1-a82754f565ac
      P3p:
      - CP="NOI DSP COR NID ADMa OPTa OUR NOR"
      X-Dc:
      - ash
      X-Download-Options:
      - noopen
      X-Permitted-Cross-Domain-Policies:
      - none
      X-Content-Type-Options:
      - nosniff
      - nosniff
    body:
      encoding: ASCII-8BIT
      string: '{"variant":{"id":27719357187,"product_id":8370193987,"title":"susan","price":"19.99","sku":"susan","position":2,"grams":0,"inventory_policy":"deny","compare_at_price":null,"fulfillment_service":"manual","inventory_management":null,"option1":"susan","option2":null,"option3":null,"created_at":"2016-09-08T20:59:03-04:00","updated_at":"2016-09-08T20:59:03-04:00","taxable":true,"barcode":null,"image_id":null,"inventory_quantity":1,"weight":0.0,"weight_unit":"oz","old_inventory_quantity":1,"requires_shipping":true}}'
    http_version: 
  recorded_at: Fri, 09 Sep 2016 00:59:07 GMT
- request:
    method: delete
    uri: https://1b7f63bf248831c7ae2beacf9bc30bbb:b1c915515d08e2037930a844f7436610@glossier-pop-staging.myshopify.com/admin/products/8370193987/variants/27719357187.json
    body:
      encoding: US-ASCII
      string: ''
    headers:
      Accept:
      - application/json
      User-Agent:
      - ShopifyAPI/4.3.0 ActiveResource/4.1.0 Ruby/2.3.1
      Accept-Encoding:
      - gzip;q=1.0,deflate;q=0.6,identity;q=0.3
  response:
    status:
      code: 200
      message: OK
    headers:
      Server:
      - nginx
      Date:
      - Fri, 09 Sep 2016 00:59:07 GMT
      Content-Type:
      - application/json; charset=utf-8
      Transfer-Encoding:
      - chunked
      Connection:
      - keep-alive
      Vary:
      - Accept-Encoding
      X-Frame-Options:
      - DENY
      X-Shopid:
      - '6779563'
      X-Shardid:
      - '2'
      X-Shopify-Shop-Api-Call-Limit:
      - 2/40
      Http-X-Shopify-Shop-Api-Call-Limit:
      - 2/40
      X-Stats-Userid:
      - '0'
      X-Stats-Apiclientid:
      - '1413328'
      X-Stats-Apipermissionid:
      - '23658502'
      Location:
      - "/admin/products"
      X-Xss-Protection:
      - 1; mode=block; report=/xss-report/c46843e1-f0dd-48c6-878d-52cfd90c93d0?source%5Baction%5D=destroy&source%5Bcontroller%5D=admin%2Fproduct_variants&source%5Bsection%5D=admin
      X-Request-Id:
      - c46843e1-f0dd-48c6-878d-52cfd90c93d0
      P3p:
      - CP="NOI DSP COR NID ADMa OPTa OUR NOR"
      X-Dc:
      - ash
      X-Download-Options:
      - noopen
      X-Permitted-Cross-Domain-Policies:
      - none
      X-Content-Type-Options:
      - nosniff
      - nosniff
    body:
      encoding: ASCII-8BIT
      string: "{}"
    http_version: 
  recorded_at: Fri, 09 Sep 2016 00:59:07 GMT
- request:
    method: get
    uri: https://1b7f63bf248831c7ae2beacf9bc30bbb:b1c915515d08e2037930a844f7436610@glossier-pop-staging.myshopify.com/admin/variants.json?id=27719357187
    body:
      encoding: US-ASCII
      string: ''
    headers:
      Accept:
      - application/json
      User-Agent:
      - ShopifyAPI/4.3.0 ActiveResource/4.1.0 Ruby/2.3.1
      Accept-Encoding:
      - gzip;q=1.0,deflate;q=0.6,identity;q=0.3
  response:
    status:
      code: 200
      message: OK
    headers:
      Server:
      - nginx
      Date:
      - Fri, 09 Sep 2016 00:59:07 GMT
      Content-Type:
      - application/json; charset=utf-8
      Transfer-Encoding:
      - chunked
      Connection:
      - keep-alive
      Vary:
      - Accept-Encoding
      X-Frame-Options:
      - DENY
      X-Shopid:
      - '6779563'
      X-Shardid:
      - '2'
      X-Shopify-Shop-Api-Call-Limit:
      - 2/40
      Http-X-Shopify-Shop-Api-Call-Limit:
      - 2/40
      X-Stats-Userid:
      - '0'
      X-Stats-Apiclientid:
      - '1413328'
      X-Stats-Apipermissionid:
      - '23658502'
      X-Xss-Protection:
      - 1; mode=block; report=/xss-report/1b1e6608-09a5-4bc7-80ba-ea97123d8426?source%5Baction%5D=index&source%5Bcontroller%5D=admin%2Fproduct_variants&source%5Bsection%5D=admin
      X-Request-Id:
      - 1b1e6608-09a5-4bc7-80ba-ea97123d8426
      P3p:
      - CP="NOI DSP COR NID ADMa OPTa OUR NOR"
      X-Dc:
      - ash
      X-Download-Options:
      - noopen
      X-Permitted-Cross-Domain-Policies:
      - none
      X-Content-Type-Options:
      - nosniff
      - nosniff
    body:
      encoding: ASCII-8BIT
      string: '{"variants":[{"id":27719356995,"product_id":8370193987,"title":"SKU-4","price":"19.99","sku":"SKU-4","position":1,"grams":0,"inventory_policy":"deny","compare_at_price":null,"fulfillment_service":"manual","inventory_management":null,"option1":"SKU-4","option2":null,"option3":null,"created_at":"2016-09-08T20:59:03-04:00","updated_at":"2016-09-08T20:59:03-04:00","taxable":true,"barcode":null,"image_id":null,"inventory_quantity":1,"weight":0.0,"weight_unit":"oz","old_inventory_quantity":1,"requires_shipping":true}]}'
    http_version: 
  recorded_at: Fri, 09 Sep 2016 00:59:07 GMT
- request:
    method: put
    uri: https://1b7f63bf248831c7ae2beacf9bc30bbb:b1c915515d08e2037930a844f7436610@glossier-pop-staging.myshopify.com/admin/variants/27719356995.json
    body:
      encoding: UTF-8
      string: '{"variant":{"id":27719356995,"title":"SKU-4","price":"19.99","sku":"susan","position":1,"grams":0,"inventory_policy":"deny","compare_at_price":null,"fulfillment_service":"manual","inventory_management":null,"option1":"susan","option2":null,"option3":null,"created_at":"2016-09-08T20:59:03-04:00","updated_at":"2016-09-09T00:59:07.072Z","taxable":true,"barcode":null,"image_id":null,"inventory_quantity":1,"weight":"0.0","weight_unit":"oz","old_inventory_quantity":1,"requires_shipping":true}}'
    headers:
      Content-Type:
      - application/json
      User-Agent:
      - ShopifyAPI/4.3.0 ActiveResource/4.1.0 Ruby/2.3.1
      Accept-Encoding:
      - gzip;q=1.0,deflate;q=0.6,identity;q=0.3
      Accept:
      - "*/*"
  response:
    status:
      code: 200
      message: OK
    headers:
      Server:
      - nginx
      Date:
      - Fri, 09 Sep 2016 00:59:07 GMT
      Content-Type:
      - application/json; charset=utf-8
      Transfer-Encoding:
      - chunked
      Connection:
      - keep-alive
      Vary:
      - Accept-Encoding
      X-Frame-Options:
      - DENY
      X-Shopid:
      - '6779563'
      X-Shardid:
      - '2'
      X-Shopify-Shop-Api-Call-Limit:
      - 3/40
      Http-X-Shopify-Shop-Api-Call-Limit:
      - 3/40
      X-Stats-Userid:
      - '0'
      X-Stats-Apiclientid:
      - '1413328'
      X-Stats-Apipermissionid:
      - '23658502'
      Location:
      - https://glossier-pop-staging.myshopify.com/admin/products/8370193987/variants/27719356995
      X-Xss-Protection:
      - 1; mode=block; report=/xss-report/30bcb20a-b209-444b-906d-3c23bf4e59d4?source%5Baction%5D=update&source%5Bcontroller%5D=admin%2Fproduct_variants&source%5Bsection%5D=admin
      X-Request-Id:
      - 30bcb20a-b209-444b-906d-3c23bf4e59d4
      P3p:
      - CP="NOI DSP COR NID ADMa OPTa OUR NOR"
      X-Dc:
      - ash
      X-Download-Options:
      - noopen
      X-Permitted-Cross-Domain-Policies:
      - none
      X-Content-Type-Options:
      - nosniff
      - nosniff
    body:
      encoding: ASCII-8BIT
      string: '{"variant":{"id":27719356995,"product_id":8370193987,"title":"susan","price":"19.99","sku":"susan","position":1,"grams":0,"inventory_policy":"deny","compare_at_price":null,"fulfillment_service":"manual","inventory_management":null,"option1":"susan","option2":null,"option3":null,"created_at":"2016-09-08T20:59:03-04:00","updated_at":"2016-09-08T20:59:07-04:00","taxable":true,"barcode":null,"image_id":null,"inventory_quantity":1,"weight":0.0,"weight_unit":"oz","old_inventory_quantity":1,"requires_shipping":true}}'
    http_version: 
  recorded_at: Fri, 09 Sep 2016 00:59:07 GMT
- request:
    method: get
    uri: https://1b7f63bf248831c7ae2beacf9bc30bbb:b1c915515d08e2037930a844f7436610@glossier-pop-staging.myshopify.com/admin/products/8370193987.json
    body:
      encoding: US-ASCII
      string: ''
    headers:
      Accept:
      - application/json
      User-Agent:
      - ShopifyAPI/4.3.0 ActiveResource/4.1.0 Ruby/2.3.1
      Accept-Encoding:
      - gzip;q=1.0,deflate;q=0.6,identity;q=0.3
  response:
    status:
      code: 200
      message: OK
    headers:
      Server:
      - nginx
      Date:
      - Fri, 09 Sep 2016 00:59:08 GMT
      Content-Type:
      - application/json; charset=utf-8
      Transfer-Encoding:
      - chunked
      Connection:
      - keep-alive
      Vary:
      - Accept-Encoding
      X-Frame-Options:
      - DENY
      X-Shopid:
      - '6779563'
      X-Shardid:
      - '2'
      X-Shopify-Shop-Api-Call-Limit:
      - 3/40
      Http-X-Shopify-Shop-Api-Call-Limit:
      - 3/40
      X-Stats-Userid:
      - '0'
      X-Stats-Apiclientid:
      - '1413328'
      X-Stats-Apipermissionid:
      - '23658502'
      X-Xss-Protection:
      - 1; mode=block; report=/xss-report/5d0aaa15-5e96-41c2-980a-b13dc4e66081?source%5Baction%5D=show&source%5Bcontroller%5D=admin%2Fproducts&source%5Bsection%5D=admin
      X-Request-Id:
      - 5d0aaa15-5e96-41c2-980a-b13dc4e66081
      P3p:
      - CP="NOI DSP COR NID ADMa OPTa OUR NOR"
      X-Dc:
      - ash
      X-Download-Options:
      - noopen
      X-Permitted-Cross-Domain-Policies:
      - none
      X-Content-Type-Options:
      - nosniff
      - nosniff
    body:
      encoding: ASCII-8BIT
      string: '{"product":{"id":8370193987,"title":"Product Name","body_html":"\u003cp\u003eAs
        seen on TV!\u003c\/p\u003e","vendor":"Default Vendor","product_type":"","created_at":"2016-09-08T20:59:03-04:00","handle":"product-name","updated_at":"2016-09-08T20:59:07-04:00","published_at":"2015-09-08T20:59:03-04:00","template_suffix":null,"published_scope":"global","tags":"","variants":[{"id":27719356995,"product_id":8370193987,"title":"susan","price":"19.99","sku":"susan","position":1,"grams":0,"inventory_policy":"deny","compare_at_price":null,"fulfillment_service":"manual","inventory_management":null,"option1":"susan","option2":null,"option3":null,"created_at":"2016-09-08T20:59:03-04:00","updated_at":"2016-09-08T20:59:07-04:00","taxable":true,"barcode":null,"image_id":null,"inventory_quantity":1,"weight":0.0,"weight_unit":"oz","old_inventory_quantity":1,"requires_shipping":true}],"options":[{"id":10053147651,"product_id":8370193987,"name":"Title","position":1,"values":["susan"]}],"images":[],"image":null}}'
    http_version: 
  recorded_at: Fri, 09 Sep 2016 00:59:08 GMT
- request:
    method: delete
    uri: https://1b7f63bf248831c7ae2beacf9bc30bbb:b1c915515d08e2037930a844f7436610@glossier-pop-staging.myshopify.com/admin/products/8370193987.json
    body:
      encoding: US-ASCII
      string: ''
    headers:
      Accept:
      - application/json
      User-Agent:
      - ShopifyAPI/4.3.0 ActiveResource/4.1.0 Ruby/2.3.1
      Accept-Encoding:
      - gzip;q=1.0,deflate;q=0.6,identity;q=0.3
  response:
    status:
      code: 200
      message: OK
    headers:
      Server:
      - nginx
      Date:
      - Fri, 09 Sep 2016 00:59:08 GMT
      Content-Type:
      - application/json; charset=utf-8
      Transfer-Encoding:
      - chunked
      Connection:
      - keep-alive
      Vary:
      - Accept-Encoding
      X-Frame-Options:
      - DENY
      X-Shopid:
      - '6779563'
      X-Shardid:
      - '2'
      X-Shopify-Shop-Api-Call-Limit:
      - 4/40
      Http-X-Shopify-Shop-Api-Call-Limit:
      - 4/40
      X-Stats-Userid:
      - '0'
      X-Stats-Apiclientid:
      - '1413328'
      X-Stats-Apipermissionid:
      - '23658502'
      Location:
      - https://glossier-pop-staging.myshopify.com/admin/products
      X-Xss-Protection:
      - 1; mode=block; report=/xss-report/e70cdb9e-12b0-4283-91a4-dcdc5336ed4e?source%5Baction%5D=destroy&source%5Bcontroller%5D=admin%2Fproducts&source%5Bsection%5D=admin
      X-Request-Id:
      - e70cdb9e-12b0-4283-91a4-dcdc5336ed4e
      P3p:
      - CP="NOI DSP COR NID ADMa OPTa OUR NOR"
      X-Dc:
      - ash
      X-Download-Options:
      - noopen
      X-Permitted-Cross-Domain-Policies:
      - none
      X-Content-Type-Options:
      - nosniff
      - nosniff
    body:
      encoding: ASCII-8BIT
      string: "{}"
    http_version: 
  recorded_at: Fri, 09 Sep 2016 00:59:08 GMT
recorded_with: VCR 2.9.3
