---
http_interactions:
- request:
    method: get
    uri: https://glossier-pop-staging.myshopify.com/admin/products/.json
    body:
      encoding: US-ASCII
      string: ''
    headers:
      Authorization:
      - Basic MWI3ZjYzYmYyNDg4MzFjN2FlMmJlYWNmOWJjMzBiYmI6YjFjOTE1NTE1ZDA4ZTIwMzc5MzBhODQ0Zjc0MzY2MTA=
      Accept:
      - application/json
      User-Agent:
      - ShopifyAPI/4.3.2 ActiveResource/4.1.0 Ruby/2.3.1
      Accept-Encoding:
      - gzip;q=1.0,deflate;q=0.6,identity;q=0.3
  response:
    status:
      code: 404
      message: Not Found
    headers:
      Server:
      - nginx
      Date:
      - Wed, 21 Sep 2016 18:32:25 GMT
      Content-Type:
      - application/json; charset=utf-8
      Transfer-Encoding:
      - chunked
      Connection:
      - keep-alive
      Vary:
      - Accept-Encoding
      X-Frame-Options:
      - DENY
      X-Shopid:
      - '6779563'
      X-Shardid:
      - '2'
      X-Shopify-Shop-Api-Call-Limit:
      - 24/40
      Http-X-Shopify-Shop-Api-Call-Limit:
      - 24/40
      X-Stats-Userid:
      - '0'
      X-Stats-Apiclientid:
      - '1413328'
      X-Stats-Apipermissionid:
      - '23658502'
      X-Xss-Protection:
      - 1; mode=block; report=/xss-report/fd283160-6f97-4c13-9ad4-3bd8f3e5de61?source%5Baction%5D=error_404&source%5Bcontroller%5D=admin%2Ferrors&source%5Bsection%5D=admin
      X-Request-Id:
      - fd283160-6f97-4c13-9ad4-3bd8f3e5de61
      X-Dc:
      - ash
      X-Download-Options:
      - noopen
      X-Permitted-Cross-Domain-Policies:
      - none
      X-Content-Type-Options:
      - nosniff
    body:
      encoding: ASCII-8BIT
      string: '{"errors":"Not Found"}'
    http_version: 
  recorded_at: Wed, 21 Sep 2016 18:32:25 GMT
- request:
    method: post
    uri: https://glossier-pop-staging.myshopify.com/admin/products.json
    body:
      encoding: UTF-8
      string: '{"product":{"title":"Product Name","body_html":"\u003cp\u003eAs seen
        on TV!\u003c/p\u003e","created_at":"2016-09-21T18:32:25.611Z","updated_at":"2016-09-21T18:32:25.681Z","published_at":"2015-09-21T18:32:25.586Z","vendor":"Default
        Vendor","handle":"product-name","variants":[{"weight":"0.0","weight_unit":"oz","price":"19.99","sku":"SKU-23","updated_at":"2016-09-21T18:32:25.624Z","option1":"SKU-23"},{"weight":"0.0","weight_unit":"oz","price":"19.99","sku":"susan","updated_at":"2016-09-21T18:32:25.673Z","option1":"susan"}]}}'
    headers:
      Authorization:
      - Basic MWI3ZjYzYmYyNDg4MzFjN2FlMmJlYWNmOWJjMzBiYmI6YjFjOTE1NTE1ZDA4ZTIwMzc5MzBhODQ0Zjc0MzY2MTA=
      Content-Type:
      - application/json
      User-Agent:
      - ShopifyAPI/4.3.2 ActiveResource/4.1.0 Ruby/2.3.1
      Accept-Encoding:
      - gzip;q=1.0,deflate;q=0.6,identity;q=0.3
      Accept:
      - "*/*"
  response:
    status:
      code: 201
      message: Created
    headers:
      Server:
      - nginx
      Date:
      - Wed, 21 Sep 2016 18:32:26 GMT
      Content-Type:
      - application/json; charset=utf-8
      Transfer-Encoding:
      - chunked
      Connection:
      - keep-alive
      X-Frame-Options:
      - DENY
      X-Shopid:
      - '6779563'
      X-Shardid:
      - '2'
      X-Shopify-Shop-Api-Call-Limit:
      - 25/40
      Http-X-Shopify-Shop-Api-Call-Limit:
      - 25/40
      X-Stats-Userid:
      - '0'
      X-Stats-Apiclientid:
      - '1413328'
      X-Stats-Apipermissionid:
      - '23658502'
      Location:
      - https://glossier-pop-staging.myshopify.com/admin/products/8552131267
      X-Xss-Protection:
      - 1; mode=block; report=/xss-report/fdb32649-583e-448a-bc6d-3a1c68205b15?source%5Baction%5D=create&source%5Bcontroller%5D=admin%2Fproducts&source%5Bsection%5D=admin
      X-Request-Id:
      - fdb32649-583e-448a-bc6d-3a1c68205b15
      P3p:
      - CP="NOI DSP COR NID ADMa OPTa OUR NOR"
      X-Dc:
      - ash
      X-Download-Options:
      - noopen
      X-Permitted-Cross-Domain-Policies:
      - none
      X-Content-Type-Options:
      - nosniff
      - nosniff
    body:
      encoding: UTF-8
      string: '{"product":{"id":8552131267,"title":"Product Name","body_html":"\u003cp\u003eAs
        seen on TV!\u003c\/p\u003e","vendor":"Default Vendor","product_type":"","created_at":"2016-09-21T14:32:26-04:00","handle":"product-name-10","updated_at":"2016-09-21T14:32:26-04:00","published_at":"2015-09-21T14:32:25-04:00","template_suffix":null,"published_scope":"global","tags":"","variants":[{"id":28518468867,"product_id":8552131267,"title":"SKU-23","price":"19.99","sku":"SKU-23","position":1,"grams":0,"inventory_policy":"deny","compare_at_price":null,"fulfillment_service":"manual","inventory_management":null,"option1":"SKU-23","option2":null,"option3":null,"created_at":"2016-09-21T14:32:26-04:00","updated_at":"2016-09-21T14:32:26-04:00","taxable":true,"barcode":null,"image_id":null,"inventory_quantity":1,"weight":0.0,"weight_unit":"oz","old_inventory_quantity":1,"requires_shipping":true},{"id":28518468995,"product_id":8552131267,"title":"susan","price":"19.99","sku":"susan","position":2,"grams":0,"inventory_policy":"deny","compare_at_price":null,"fulfillment_service":"manual","inventory_management":null,"option1":"susan","option2":null,"option3":null,"created_at":"2016-09-21T14:32:26-04:00","updated_at":"2016-09-21T14:32:26-04:00","taxable":true,"barcode":null,"image_id":null,"inventory_quantity":1,"weight":0.0,"weight_unit":"oz","old_inventory_quantity":1,"requires_shipping":true}],"options":[{"id":10268648387,"product_id":8552131267,"name":"Title","position":1,"values":["SKU-23","susan"]}],"images":[],"image":null}}'
    http_version: 
  recorded_at: Wed, 21 Sep 2016 18:32:26 GMT
- request:
    method: get
    uri: https://glossier-pop-staging.myshopify.com/admin/products/8552131267/variants/28518468995.json
    body:
      encoding: US-ASCII
      string: ''
    headers:
      Authorization:
      - Basic MWI3ZjYzYmYyNDg4MzFjN2FlMmJlYWNmOWJjMzBiYmI6YjFjOTE1NTE1ZDA4ZTIwMzc5MzBhODQ0Zjc0MzY2MTA=
      Accept:
      - application/json
      User-Agent:
      - ShopifyAPI/4.3.2 ActiveResource/4.1.0 Ruby/2.3.1
      Accept-Encoding:
      - gzip;q=1.0,deflate;q=0.6,identity;q=0.3
  response:
    status:
      code: 200
      message: OK
    headers:
      Server:
      - nginx
      Date:
      - Wed, 21 Sep 2016 18:32:27 GMT
      Content-Type:
      - application/json; charset=utf-8
      Transfer-Encoding:
      - chunked
      Connection:
      - keep-alive
      Vary:
      - Accept-Encoding
      X-Frame-Options:
      - DENY
      X-Shopid:
      - '6779563'
      X-Shardid:
      - '2'
      X-Shopify-Shop-Api-Call-Limit:
      - 24/40
      Http-X-Shopify-Shop-Api-Call-Limit:
      - 24/40
      X-Stats-Userid:
      - '0'
      X-Stats-Apiclientid:
      - '1413328'
      X-Stats-Apipermissionid:
      - '23658502'
      X-Xss-Protection:
      - 1; mode=block; report=/xss-report/aa02e6b8-957d-4070-a7ca-d8050953640a?source%5Baction%5D=show&source%5Bcontroller%5D=admin%2Fproduct_variants&source%5Bsection%5D=admin
      X-Request-Id:
      - aa02e6b8-957d-4070-a7ca-d8050953640a
      P3p:
      - CP="NOI DSP COR NID ADMa OPTa OUR NOR"
      X-Dc:
      - ash
      X-Download-Options:
      - noopen
      X-Permitted-Cross-Domain-Policies:
      - none
      X-Content-Type-Options:
      - nosniff
      - nosniff
    body:
      encoding: ASCII-8BIT
      string: '{"variant":{"id":28518468995,"product_id":8552131267,"title":"susan","price":"19.99","sku":"susan","position":2,"grams":0,"inventory_policy":"deny","compare_at_price":null,"fulfillment_service":"manual","inventory_management":null,"option1":"susan","option2":null,"option3":null,"created_at":"2016-09-21T14:32:26-04:00","updated_at":"2016-09-21T14:32:26-04:00","taxable":true,"barcode":null,"image_id":null,"inventory_quantity":1,"weight":0.0,"weight_unit":"oz","old_inventory_quantity":1,"requires_shipping":true}}'
    http_version: 
  recorded_at: Wed, 21 Sep 2016 18:32:27 GMT
- request:
    method: put
    uri: https://glossier-pop-staging.myshopify.com/admin/variants/28518468995.json
    body:
      encoding: UTF-8
      string: '{"variant":{"id":28518468995,"title":"susan","price":"19.99","sku":"susan","position":2,"grams":0,"inventory_policy":"deny","compare_at_price":null,"fulfillment_service":"manual","inventory_management":null,"option1":"susan","option2":null,"option3":null,"created_at":"2016-09-21T14:32:26-04:00","updated_at":"2016-09-21T18:32:26.925Z","taxable":true,"barcode":null,"image_id":null,"inventory_quantity":1,"weight":"0.0","weight_unit":"oz","old_inventory_quantity":1,"requires_shipping":true}}'
    headers:
      Authorization:
      - Basic MWI3ZjYzYmYyNDg4MzFjN2FlMmJlYWNmOWJjMzBiYmI6YjFjOTE1NTE1ZDA4ZTIwMzc5MzBhODQ0Zjc0MzY2MTA=
      Content-Type:
      - application/json
      User-Agent:
      - ShopifyAPI/4.3.2 ActiveResource/4.1.0 Ruby/2.3.1
      Accept-Encoding:
      - gzip;q=1.0,deflate;q=0.6,identity;q=0.3
      Accept:
      - "*/*"
  response:
    status:
      code: 200
      message: OK
    headers:
      Server:
      - nginx
      Date:
      - Wed, 21 Sep 2016 18:32:27 GMT
      Content-Type:
      - application/json; charset=utf-8
      Transfer-Encoding:
      - chunked
      Connection:
      - keep-alive
      Vary:
      - Accept-Encoding
      X-Frame-Options:
      - DENY
      X-Shopid:
      - '6779563'
      X-Shardid:
      - '2'
      X-Shopify-Shop-Api-Call-Limit:
      - 24/40
      Http-X-Shopify-Shop-Api-Call-Limit:
      - 24/40
      X-Stats-Userid:
      - '0'
      X-Stats-Apiclientid:
      - '1413328'
      X-Stats-Apipermissionid:
      - '23658502'
      Location:
      - https://glossier-pop-staging.myshopify.com/admin/products/8552131267/variants/28518468995
      X-Xss-Protection:
      - 1; mode=block; report=/xss-report/c9c43f9c-4c00-4baa-b5f6-3a8b3683b26e?source%5Baction%5D=update&source%5Bcontroller%5D=admin%2Fproduct_variants&source%5Bsection%5D=admin
      X-Request-Id:
      - c9c43f9c-4c00-4baa-b5f6-3a8b3683b26e
      P3p:
      - CP="NOI DSP COR NID ADMa OPTa OUR NOR"
      X-Dc:
      - ash
      X-Download-Options:
      - noopen
      X-Permitted-Cross-Domain-Policies:
      - none
      X-Content-Type-Options:
      - nosniff
      - nosniff
    body:
      encoding: ASCII-8BIT
      string: '{"variant":{"id":28518468995,"product_id":8552131267,"title":"susan","price":"19.99","sku":"susan","position":2,"grams":0,"inventory_policy":"deny","compare_at_price":null,"fulfillment_service":"manual","inventory_management":null,"option1":"susan","option2":null,"option3":null,"created_at":"2016-09-21T14:32:26-04:00","updated_at":"2016-09-21T14:32:26-04:00","taxable":true,"barcode":null,"image_id":null,"inventory_quantity":1,"weight":0.0,"weight_unit":"oz","old_inventory_quantity":1,"requires_shipping":true}}'
    http_version: 
  recorded_at: Wed, 21 Sep 2016 18:32:27 GMT
- request:
    method: get
    uri: https://glossier-pop-staging.myshopify.com/admin/products/8552131267.json
    body:
      encoding: US-ASCII
      string: ''
    headers:
      Authorization:
      - Basic MWI3ZjYzYmYyNDg4MzFjN2FlMmJlYWNmOWJjMzBiYmI6YjFjOTE1NTE1ZDA4ZTIwMzc5MzBhODQ0Zjc0MzY2MTA=
      Accept:
      - application/json
      User-Agent:
      - ShopifyAPI/4.3.2 ActiveResource/4.1.0 Ruby/2.3.1
      Accept-Encoding:
      - gzip;q=1.0,deflate;q=0.6,identity;q=0.3
  response:
    status:
      code: 200
      message: OK
    headers:
      Server:
      - nginx
      Date:
      - Wed, 21 Sep 2016 18:32:27 GMT
      Content-Type:
      - application/json; charset=utf-8
      Transfer-Encoding:
      - chunked
      Connection:
      - keep-alive
      Vary:
      - Accept-Encoding
      X-Frame-Options:
      - DENY
      X-Shopid:
      - '6779563'
      X-Shardid:
      - '2'
      X-Shopify-Shop-Api-Call-Limit:
      - 24/40
      Http-X-Shopify-Shop-Api-Call-Limit:
      - 24/40
      X-Stats-Userid:
      - '0'
      X-Stats-Apiclientid:
      - '1413328'
      X-Stats-Apipermissionid:
      - '23658502'
      X-Xss-Protection:
      - 1; mode=block; report=/xss-report/a7cc3484-e9e1-49b4-8094-a1cd68259c8c?source%5Baction%5D=show&source%5Bcontroller%5D=admin%2Fproducts&source%5Bsection%5D=admin
      X-Request-Id:
      - a7cc3484-e9e1-49b4-8094-a1cd68259c8c
      P3p:
      - CP="NOI DSP COR NID ADMa OPTa OUR NOR"
      X-Dc:
      - ash
      X-Download-Options:
      - noopen
      X-Permitted-Cross-Domain-Policies:
      - none
      X-Content-Type-Options:
      - nosniff
      - nosniff
    body:
      encoding: ASCII-8BIT
      string: '{"product":{"id":8552131267,"title":"Product Name","body_html":"\u003cp\u003eAs
        seen on TV!\u003c\/p\u003e","vendor":"Default Vendor","product_type":"","created_at":"2016-09-21T14:32:26-04:00","handle":"product-name-10","updated_at":"2016-09-21T14:32:27-04:00","published_at":"2015-09-21T14:32:25-04:00","template_suffix":null,"published_scope":"global","tags":"","variants":[{"id":28518468867,"product_id":8552131267,"title":"SKU-23","price":"19.99","sku":"SKU-23","position":1,"grams":0,"inventory_policy":"deny","compare_at_price":null,"fulfillment_service":"manual","inventory_management":null,"option1":"SKU-23","option2":null,"option3":null,"created_at":"2016-09-21T14:32:26-04:00","updated_at":"2016-09-21T14:32:26-04:00","taxable":true,"barcode":null,"image_id":null,"inventory_quantity":1,"weight":0.0,"weight_unit":"oz","old_inventory_quantity":1,"requires_shipping":true},{"id":28518468995,"product_id":8552131267,"title":"susan","price":"19.99","sku":"susan","position":2,"grams":0,"inventory_policy":"deny","compare_at_price":null,"fulfillment_service":"manual","inventory_management":null,"option1":"susan","option2":null,"option3":null,"created_at":"2016-09-21T14:32:26-04:00","updated_at":"2016-09-21T14:32:26-04:00","taxable":true,"barcode":null,"image_id":null,"inventory_quantity":1,"weight":0.0,"weight_unit":"oz","old_inventory_quantity":1,"requires_shipping":true}],"options":[{"id":10268648387,"product_id":8552131267,"name":"Title","position":1,"values":["SKU-23","susan"]}],"images":[],"image":null}}'
    http_version: 
  recorded_at: Wed, 21 Sep 2016 18:32:27 GMT
- request:
    method: get
    uri: https://glossier-pop-staging.myshopify.com/admin/products/8552131267.json
    body:
      encoding: US-ASCII
      string: ''
    headers:
      Authorization:
      - Basic MWI3ZjYzYmYyNDg4MzFjN2FlMmJlYWNmOWJjMzBiYmI6YjFjOTE1NTE1ZDA4ZTIwMzc5MzBhODQ0Zjc0MzY2MTA=
      Accept:
      - application/json
      User-Agent:
      - ShopifyAPI/4.3.2 ActiveResource/4.1.0 Ruby/2.3.1
      Accept-Encoding:
      - gzip;q=1.0,deflate;q=0.6,identity;q=0.3
  response:
    status:
      code: 200
      message: OK
    headers:
      Server:
      - nginx
      Date:
      - Wed, 21 Sep 2016 18:32:27 GMT
      Content-Type:
      - application/json; charset=utf-8
      Transfer-Encoding:
      - chunked
      Connection:
      - keep-alive
      Vary:
      - Accept-Encoding
      X-Frame-Options:
      - DENY
      X-Shopid:
      - '6779563'
      X-Shardid:
      - '2'
      X-Shopify-Shop-Api-Call-Limit:
      - 25/40
      Http-X-Shopify-Shop-Api-Call-Limit:
      - 25/40
      X-Stats-Userid:
      - '0'
      X-Stats-Apiclientid:
      - '1413328'
      X-Stats-Apipermissionid:
      - '23658502'
      X-Xss-Protection:
      - 1; mode=block; report=/xss-report/f5bb7550-5f84-419d-b464-b17e7c81fd73?source%5Baction%5D=show&source%5Bcontroller%5D=admin%2Fproducts&source%5Bsection%5D=admin
      X-Request-Id:
      - f5bb7550-5f84-419d-b464-b17e7c81fd73
      P3p:
      - CP="NOI DSP COR NID ADMa OPTa OUR NOR"
      X-Dc:
      - ash
      X-Download-Options:
      - noopen
      X-Permitted-Cross-Domain-Policies:
      - none
      X-Content-Type-Options:
      - nosniff
      - nosniff
    body:
      encoding: ASCII-8BIT
      string: '{"product":{"id":8552131267,"title":"Product Name","body_html":"\u003cp\u003eAs
        seen on TV!\u003c\/p\u003e","vendor":"Default Vendor","product_type":"","created_at":"2016-09-21T14:32:26-04:00","handle":"product-name-10","updated_at":"2016-09-21T14:32:27-04:00","published_at":"2015-09-21T14:32:25-04:00","template_suffix":null,"published_scope":"global","tags":"","variants":[{"id":28518468867,"product_id":8552131267,"title":"SKU-23","price":"19.99","sku":"SKU-23","position":1,"grams":0,"inventory_policy":"deny","compare_at_price":null,"fulfillment_service":"manual","inventory_management":null,"option1":"SKU-23","option2":null,"option3":null,"created_at":"2016-09-21T14:32:26-04:00","updated_at":"2016-09-21T14:32:26-04:00","taxable":true,"barcode":null,"image_id":null,"inventory_quantity":1,"weight":0.0,"weight_unit":"oz","old_inventory_quantity":1,"requires_shipping":true},{"id":28518468995,"product_id":8552131267,"title":"susan","price":"19.99","sku":"susan","position":2,"grams":0,"inventory_policy":"deny","compare_at_price":null,"fulfillment_service":"manual","inventory_management":null,"option1":"susan","option2":null,"option3":null,"created_at":"2016-09-21T14:32:26-04:00","updated_at":"2016-09-21T14:32:26-04:00","taxable":true,"barcode":null,"image_id":null,"inventory_quantity":1,"weight":0.0,"weight_unit":"oz","old_inventory_quantity":1,"requires_shipping":true}],"options":[{"id":10268648387,"product_id":8552131267,"name":"Title","position":1,"values":["SKU-23","susan"]}],"images":[],"image":null}}'
    http_version: 
  recorded_at: Wed, 21 Sep 2016 18:32:28 GMT
- request:
    method: delete
    uri: https://glossier-pop-staging.myshopify.com/admin/products/8552131267.json
    body:
      encoding: US-ASCII
      string: ''
    headers:
      Authorization:
      - Basic MWI3ZjYzYmYyNDg4MzFjN2FlMmJlYWNmOWJjMzBiYmI6YjFjOTE1NTE1ZDA4ZTIwMzc5MzBhODQ0Zjc0MzY2MTA=
      Accept:
      - application/json
      User-Agent:
      - ShopifyAPI/4.3.2 ActiveResource/4.1.0 Ruby/2.3.1
      Accept-Encoding:
      - gzip;q=1.0,deflate;q=0.6,identity;q=0.3
  response:
    status:
      code: 200
      message: OK
    headers:
      Server:
      - nginx
      Date:
      - Wed, 21 Sep 2016 18:32:28 GMT
      Content-Type:
      - application/json; charset=utf-8
      Transfer-Encoding:
      - chunked
      Connection:
      - keep-alive
      Vary:
      - Accept-Encoding
      X-Frame-Options:
      - DENY
      X-Shopid:
      - '6779563'
      X-Shardid:
      - '2'
      X-Shopify-Shop-Api-Call-Limit:
      - 26/40
      Http-X-Shopify-Shop-Api-Call-Limit:
      - 26/40
      X-Stats-Userid:
      - '0'
      X-Stats-Apiclientid:
      - '1413328'
      X-Stats-Apipermissionid:
      - '23658502'
      Location:
      - https://glossier-pop-staging.myshopify.com/admin/products
      X-Xss-Protection:
      - 1; mode=block; report=/xss-report/bfda0d58-4c94-4114-b31d-057d4e0da353?source%5Baction%5D=destroy&source%5Bcontroller%5D=admin%2Fproducts&source%5Bsection%5D=admin
      X-Request-Id:
      - bfda0d58-4c94-4114-b31d-057d4e0da353
      P3p:
      - CP="NOI DSP COR NID ADMa OPTa OUR NOR"
      X-Dc:
      - ash
      X-Download-Options:
      - noopen
      X-Permitted-Cross-Domain-Policies:
      - none
      X-Content-Type-Options:
      - nosniff
      - nosniff
    body:
      encoding: ASCII-8BIT
      string: "{}"
    http_version: 
  recorded_at: Wed, 21 Sep 2016 18:32:28 GMT
recorded_with: VCR 3.0.3
